
First 5 rows of the dataset:

         Date  Location  Temperature  ...  Cloud Cover     Pressure  Rain Tomorrow
0  2024-01-01  New York    87.524795  ...    69.617966  1026.030278              0
1  2024-01-02  New York    83.259325  ...    41.606048   995.962065              0
2  2024-01-03  New York    80.943050  ...    77.364763   980.796739              1
3  2024-01-04  New York    78.097552  ...    52.541196   979.012163              0
4  2024-01-05  New York    37.059963  ...    85.584000  1031.790859              0

[5 rows x 9 columns] 

------------------------------------------------------------------------------------------------------------------------ 

Dataset Information:

<class 'pandas.core.frame.DataFrame'>
RangeIndex: 73100 entries, 0 to 73099
Data columns (total 9 columns):
 #   Column         Non-Null Count  Dtype  
---  ------         --------------  -----  
 0   Date           73100 non-null  object 
 1   Location       73100 non-null  object 
 2   Temperature    73100 non-null  float64
 3   Humidity       73100 non-null  float64
 4   Wind Speed     73100 non-null  float64
 5   Precipitation  73100 non-null  float64
 6   Cloud Cover    73100 non-null  float64
 7   Pressure       73100 non-null  float64
 8   Rain Tomorrow  73100 non-null  int64  
dtypes: float64(6), int64(1), object(2)
memory usage: 5.0+ MB
None 

------------------------------------------------------------------------------------------------------------------------ 

Missing values in each column:

Date             0
Location         0
Temperature      0
Humidity         0
Wind Speed       0
Precipitation    0
Cloud Cover      0
Pressure         0
Rain Tomorrow    0
dtype: int64 

------------------------------------------------------------------------------------------------------------------------ 

Imported data saved to imported_data.pkl
