000 (009.000.000) 2025-01-12 03:02:50 Job submitted from host: <172.31.42.11:9618?addrs=172.31.42.11-9618&alias=ip-172-31-42-11.ec2.internal&noUDP&sock=schedd_1341_6497>
    DAG Node: PreprocessJob
...
009 (009.000.000) 2025-01-12 03:19:07 Job was aborted.
	removed because <OtherJobRemoveRequirements = DAGManJobId =?= 7> fired when job (7.0) was removed
...
000 (021.000.000) 2025-01-12 06:35:46 Job submitted from host: <172.31.42.11:9618?addrs=172.31.42.11-9618&alias=ip-172-31-42-11.ec2.internal&noUDP&sock=schedd_1100_1644>
    DAG Node: PreprocessJob
...
040 (021.000.000) 2025-01-12 06:36:04 Started transferring input files
	Transferring to host: <172.31.17.139:9618?addrs=172.31.17.139-9618&alias=ip-172-31-17-139.ec2.internal&noUDP&sock=slot1_2_971_e841_5>
...
040 (021.000.000) 2025-01-12 06:36:04 Finished transferring input files
...
001 (021.000.000) 2025-01-12 06:36:05 Job executing on host: <172.31.17.139:9618?addrs=172.31.17.139-9618&alias=ip-172-31-17-139.ec2.internal&noUDP&sock=startd_936_98bc>
	SlotName: slot1_2@ip-172-31-17-139.ec2.internal
	CondorScratchDir = "/var/lib/condor/execute/dir_1166"
	Cpus = 1
	Disk = 1049600
	GPUs = 0
	Memory = 512
...
006 (021.000.000) 2025-01-12 06:36:07 Image size of job updated: 60
	0  -  MemoryUsage of job (MB)
	0  -  ResidentSetSize of job (KB)
...
040 (021.000.000) 2025-01-12 06:36:07 Started transferring output files
...
040 (021.000.000) 2025-01-12 06:36:07 Finished transferring output files
...
005 (021.000.000) 2025-01-12 06:36:07 Job terminated.
	(1) Normal termination (return value 0)
		Usr 0 00:00:00, Sys 0 00:00:00  -  Run Remote Usage
		Usr 0 00:00:00, Sys 0 00:00:00  -  Run Local Usage
		Usr 0 00:00:00, Sys 0 00:00:00  -  Total Remote Usage
		Usr 0 00:00:00, Sys 0 00:00:00  -  Total Local Usage
	79  -  Run Bytes Sent By Job
	1068  -  Run Bytes Received By Job
	79  -  Total Bytes Sent By Job
	1068  -  Total Bytes Received By Job
	Partitionable Resources :    Usage  Request Allocated 
	   Cpus                 :        0        1         1 
	   Disk (KB)            :       16  1048576   1049600 
	   GPUs                 :                           0 
	   Memory (MB)          :        0      512       512 
	   TimeExecute (s)      :        2                    
	   TimeSlotBusy (s)     :        3                    

	Job terminated of its own accord at 2025-01-12T06:36:07Z with exit-code 0.
...
000 (024.000.000) 2025-01-12 07:28:11 Job submitted from host: <172.31.42.11:9618?addrs=172.31.42.11-9618&alias=ip-172-31-42-11.ec2.internal&noUDP&sock=schedd_1100_1644>
    DAG Node: PreprocessJob
...
040 (024.000.000) 2025-01-12 07:28:24 Started transferring input files
	Transferring to host: <172.31.17.139:9618?addrs=172.31.17.139-9618&alias=ip-172-31-17-139.ec2.internal&noUDP&sock=slot1_2_971_e841_7>
...
040 (024.000.000) 2025-01-12 07:28:24 Finished transferring input files
...
001 (024.000.000) 2025-01-12 07:28:25 Job executing on host: <172.31.17.139:9618?addrs=172.31.17.139-9618&alias=ip-172-31-17-139.ec2.internal&noUDP&sock=startd_936_98bc>
	SlotName: slot1_2@ip-172-31-17-139.ec2.internal
	CondorScratchDir = "/var/lib/condor/execute/dir_17627"
	Cpus = 1
	Disk = 1049600
	GPUs = 0
	Memory = 512
...
006 (024.000.000) 2025-01-12 07:28:26 Image size of job updated: 36
	0  -  MemoryUsage of job (MB)
	0  -  ResidentSetSize of job (KB)
...
040 (024.000.000) 2025-01-12 07:28:26 Started transferring output files
...
040 (024.000.000) 2025-01-12 07:28:26 Finished transferring output files
...
005 (024.000.000) 2025-01-12 07:28:26 Job terminated.
	(1) Normal termination (return value 1)
		Usr 0 00:00:00, Sys 0 00:00:00  -  Run Remote Usage
		Usr 0 00:00:00, Sys 0 00:00:00  -  Run Local Usage
		Usr 0 00:00:00, Sys 0 00:00:00  -  Total Remote Usage
		Usr 0 00:00:00, Sys 0 00:00:00  -  Total Local Usage
	1594  -  Run Bytes Sent By Job
	4778552  -  Run Bytes Received By Job
	1594  -  Total Bytes Sent By Job
	4778552  -  Total Bytes Received By Job
	Partitionable Resources :    Usage  Request Allocated 
	   Cpus                 :        0        1         1 
	   Disk (KB)            :     4683  1048576   1049600 
	   GPUs                 :                           0 
	   Memory (MB)          :        0      512       512 
	   TimeExecute (s)      :        1                    
	   TimeSlotBusy (s)     :        2                    

	Job terminated of its own accord at 2025-01-12T07:28:26Z with exit-code 1.
...
000 (027.000.000) 2025-01-12 07:30:04 Job submitted from host: <172.31.42.11:9618?addrs=172.31.42.11-9618&alias=ip-172-31-42-11.ec2.internal&noUDP&sock=schedd_1100_1644>
    DAG Node: PreprocessJob
...
040 (027.000.000) 2025-01-12 07:30:22 Started transferring input files
	Transferring to host: <172.31.17.139:9618?addrs=172.31.17.139-9618&alias=ip-172-31-17-139.ec2.internal&noUDP&sock=slot1_2_971_e841_9>
...
040 (027.000.000) 2025-01-12 07:30:22 Finished transferring input files
...
001 (027.000.000) 2025-01-12 07:30:23 Job executing on host: <172.31.17.139:9618?addrs=172.31.17.139-9618&alias=ip-172-31-17-139.ec2.internal&noUDP&sock=startd_936_98bc>
	SlotName: slot1_2@ip-172-31-17-139.ec2.internal
	CondorScratchDir = "/var/lib/condor/execute/dir_17637"
	Cpus = 1
	Disk = 1049600
	GPUs = 0
	Memory = 512
...
006 (027.000.000) 2025-01-12 07:30:24 Image size of job updated: 76
	0  -  MemoryUsage of job (MB)
	0  -  ResidentSetSize of job (KB)
...
040 (027.000.000) 2025-01-12 07:30:24 Started transferring output files
...
040 (027.000.000) 2025-01-12 07:30:24 Finished transferring output files
...
005 (027.000.000) 2025-01-12 07:30:24 Job terminated.
	(1) Normal termination (return value 1)
		Usr 0 00:00:00, Sys 0 00:00:00  -  Run Remote Usage
		Usr 0 00:00:00, Sys 0 00:00:00  -  Run Local Usage
		Usr 0 00:00:00, Sys 0 00:00:00  -  Total Remote Usage
		Usr 0 00:00:00, Sys 0 00:00:00  -  Total Local Usage
	237  -  Run Bytes Sent By Job
	967  -  Run Bytes Received By Job
	237  -  Total Bytes Sent By Job
	967  -  Total Bytes Received By Job
	Partitionable Resources :    Usage  Request Allocated 
	   Cpus                 :        0        1         1 
	   Disk (KB)            :       16  1048576   1049600 
	   GPUs                 :                           0 
	   Memory (MB)          :        0      512       512 
	   TimeExecute (s)      :        1                    
	   TimeSlotBusy (s)     :        2                    

	Job terminated of its own accord at 2025-01-12T07:30:24Z with exit-code 1.
...
000 (030.000.000) 2025-01-12 07:38:16 Job submitted from host: <172.31.42.11:9618?addrs=172.31.42.11-9618&alias=ip-172-31-42-11.ec2.internal&noUDP&sock=schedd_1100_1644>
    DAG Node: PreprocessJob
...
040 (030.000.000) 2025-01-12 07:38:34 Started transferring input files
	Transferring to host: <172.31.17.139:9618?addrs=172.31.17.139-9618&alias=ip-172-31-17-139.ec2.internal&noUDP&sock=slot1_2_971_e841_11>
...
040 (030.000.000) 2025-01-12 07:38:34 Finished transferring input files
...
001 (030.000.000) 2025-01-12 07:38:35 Job executing on host: <172.31.17.139:9618?addrs=172.31.17.139-9618&alias=ip-172-31-17-139.ec2.internal&noUDP&sock=startd_936_98bc>
	SlotName: slot1_2@ip-172-31-17-139.ec2.internal
	CondorScratchDir = "/var/lib/condor/execute/dir_17654"
	Cpus = 1
	Disk = 1049600
	GPUs = 0
	Memory = 512
...
006 (030.000.000) 2025-01-12 07:38:36 Image size of job updated: 88
	0  -  MemoryUsage of job (MB)
	0  -  ResidentSetSize of job (KB)
...
040 (030.000.000) 2025-01-12 07:38:36 Started transferring output files
...
040 (030.000.000) 2025-01-12 07:38:36 Finished transferring output files
...
005 (030.000.000) 2025-01-12 07:38:36 Job terminated.
	(1) Normal termination (return value 1)
		Usr 0 00:00:00, Sys 0 00:00:00  -  Run Remote Usage
		Usr 0 00:00:00, Sys 0 00:00:00  -  Run Local Usage
		Usr 0 00:00:00, Sys 0 00:00:00  -  Total Remote Usage
		Usr 0 00:00:00, Sys 0 00:00:00  -  Total Local Usage
	219  -  Run Bytes Sent By Job
	1022  -  Run Bytes Received By Job
	219  -  Total Bytes Sent By Job
	1022  -  Total Bytes Received By Job
	Partitionable Resources :    Usage  Request Allocated 
	   Cpus                 :        0        1         1 
	   Disk (KB)            :       17  1048576   1049600 
	   GPUs                 :                           0 
	   Memory (MB)          :        0      512       512 
	   TimeExecute (s)      :        1                    
	   TimeSlotBusy (s)     :        2                    

	Job terminated of its own accord at 2025-01-12T07:38:36Z with exit-code 1.
...
000 (033.000.000) 2025-01-12 09:12:41 Job submitted from host: <172.31.42.11:9618?addrs=172.31.42.11-9618&alias=ip-172-31-42-11.ec2.internal&noUDP&sock=schedd_1050_ca88>
    DAG Node: PreprocessJob
...
040 (033.000.000) 2025-01-12 09:13:01 Started transferring input files
	Transferring to host: <172.31.17.139:9618?addrs=172.31.17.139-9618&alias=ip-172-31-17-139.ec2.internal&noUDP&sock=slot1_2_946_4ae0_3>
...
040 (033.000.000) 2025-01-12 09:13:01 Finished transferring input files
...
001 (033.000.000) 2025-01-12 09:13:02 Job executing on host: <172.31.17.139:9618?addrs=172.31.17.139-9618&alias=ip-172-31-17-139.ec2.internal&noUDP&sock=startd_912_2276>
	SlotName: slot1_2@ip-172-31-17-139.ec2.internal
	CondorScratchDir = "/var/lib/condor/execute/dir_1000"
	Cpus = 1
	Disk = 1049600
	GPUs = 0
	Memory = 512
...
006 (033.000.000) 2025-01-12 09:13:06 Image size of job updated: 48
	0  -  MemoryUsage of job (MB)
	0  -  ResidentSetSize of job (KB)
...
040 (033.000.000) 2025-01-12 09:13:06 Started transferring output files
...
040 (033.000.000) 2025-01-12 09:13:06 Finished transferring output files
...
005 (033.000.000) 2025-01-12 09:13:06 Job terminated.
	(1) Normal termination (return value 0)
		Usr 0 00:00:01, Sys 0 00:00:00  -  Run Remote Usage
		Usr 0 00:00:00, Sys 0 00:00:00  -  Run Local Usage
		Usr 0 00:00:01, Sys 0 00:00:00  -  Total Remote Usage
		Usr 0 00:00:00, Sys 0 00:00:00  -  Total Local Usage
	20773564  -  Run Bytes Sent By Job
	4778982  -  Run Bytes Received By Job
	20773564  -  Total Bytes Sent By Job
	4778982  -  Total Bytes Received By Job
	Partitionable Resources :    Usage  Request Allocated 
	   Cpus                 :        0        1         1 
	   Disk (KB)            :    24969  1048576   1049600 
	   GPUs                 :                           0 
	   Memory (MB)          :        0      512       512 
	   TimeExecute (s)      :        4                    
	   TimeSlotBusy (s)     :        5                    

	Job terminated of its own accord at 2025-01-12T09:13:06Z with exit-code 0.
...
000 (036.000.000) 2025-01-12 09:58:53 Job submitted from host: <172.31.42.11:9618?addrs=172.31.42.11-9618&alias=ip-172-31-42-11.ec2.internal&noUDP&sock=schedd_1050_ca88>
    DAG Node: PreprocessJob
...
040 (036.000.000) 2025-01-12 09:59:11 Started transferring input files
	Transferring to host: <172.31.17.139:9618?addrs=172.31.17.139-9618&alias=ip-172-31-17-139.ec2.internal&noUDP&sock=slot1_2_946_4ae0_6>
...
040 (036.000.000) 2025-01-12 09:59:11 Finished transferring input files
...
001 (036.000.000) 2025-01-12 09:59:12 Job executing on host: <172.31.17.139:9618?addrs=172.31.17.139-9618&alias=ip-172-31-17-139.ec2.internal&noUDP&sock=startd_912_2276>
	SlotName: slot1_2@ip-172-31-17-139.ec2.internal
	CondorScratchDir = "/var/lib/condor/execute/dir_1017"
	Cpus = 1
	Disk = 1049600
	GPUs = 0
	Memory = 512
...
006 (036.000.000) 2025-01-12 09:59:14 Image size of job updated: 28
	0  -  MemoryUsage of job (MB)
	0  -  ResidentSetSize of job (KB)
...
040 (036.000.000) 2025-01-12 09:59:14 Started transferring output files
...
040 (036.000.000) 2025-01-12 09:59:15 Finished transferring output files
...
005 (036.000.000) 2025-01-12 09:59:15 Job terminated.
	(1) Normal termination (return value 1)
		Usr 0 00:00:01, Sys 0 00:00:00  -  Run Remote Usage
		Usr 0 00:00:00, Sys 0 00:00:00  -  Run Local Usage
		Usr 0 00:00:01, Sys 0 00:00:00  -  Total Remote Usage
		Usr 0 00:00:00, Sys 0 00:00:00  -  Total Local Usage
	13900234  -  Run Bytes Sent By Job
	4779978  -  Run Bytes Received By Job
	13900234  -  Total Bytes Sent By Job
	4779978  -  Total Bytes Received By Job
	Partitionable Resources :    Usage  Request Allocated 
	   Cpus                 :        0        1         1 
	   Disk (KB)            :    18258  1048576   1049600 
	   GPUs                 :                           0 
	   Memory (MB)          :        0      512       512 
	   TimeExecute (s)      :        2                    
	   TimeSlotBusy (s)     :        4                    

	Job terminated of its own accord at 2025-01-12T09:59:14Z with exit-code 1.
...
000 (039.000.000) 2025-01-12 10:01:43 Job submitted from host: <172.31.42.11:9618?addrs=172.31.42.11-9618&alias=ip-172-31-42-11.ec2.internal&noUDP&sock=schedd_1050_ca88>
    DAG Node: PreprocessJob
...
040 (039.000.000) 2025-01-12 10:02:03 Started transferring input files
	Transferring to host: <172.31.17.139:9618?addrs=172.31.17.139-9618&alias=ip-172-31-17-139.ec2.internal&noUDP&sock=slot1_2_946_4ae0_8>
...
040 (039.000.000) 2025-01-12 10:02:03 Finished transferring input files
...
001 (039.000.000) 2025-01-12 10:02:04 Job executing on host: <172.31.17.139:9618?addrs=172.31.17.139-9618&alias=ip-172-31-17-139.ec2.internal&noUDP&sock=startd_912_2276>
	SlotName: slot1_2@ip-172-31-17-139.ec2.internal
	CondorScratchDir = "/var/lib/condor/execute/dir_1040"
	Cpus = 1
	Disk = 1049600
	GPUs = 0
	Memory = 512
...
006 (039.000.000) 2025-01-12 10:02:06 Image size of job updated: 56
	0  -  MemoryUsage of job (MB)
	0  -  ResidentSetSize of job (KB)
...
040 (039.000.000) 2025-01-12 10:02:06 Started transferring output files
...
040 (039.000.000) 2025-01-12 10:02:06 Finished transferring output files
...
005 (039.000.000) 2025-01-12 10:02:06 Job terminated.
	(1) Normal termination (return value 1)
		Usr 0 00:00:01, Sys 0 00:00:00  -  Run Remote Usage
		Usr 0 00:00:00, Sys 0 00:00:00  -  Run Local Usage
		Usr 0 00:00:01, Sys 0 00:00:00  -  Total Remote Usage
		Usr 0 00:00:00, Sys 0 00:00:00  -  Total Local Usage
	13900234  -  Run Bytes Sent By Job
	4779987  -  Run Bytes Received By Job
	13900234  -  Total Bytes Sent By Job
	4779987  -  Total Bytes Received By Job
	Partitionable Resources :    Usage  Request Allocated 
	   Cpus                 :                 1         1 
	   Disk (KB)            :    18252  1048576   1049600 
	   GPUs                 :                           0 
	   Memory (MB)          :        0      512       512 
	   TimeExecute (s)      :        2                    
	   TimeSlotBusy (s)     :        4                    

	Job terminated of its own accord at 2025-01-12T10:02:06Z with exit-code 1.
...
000 (042.000.000) 2025-01-12 10:10:41 Job submitted from host: <172.31.42.11:9618?addrs=172.31.42.11-9618&alias=ip-172-31-42-11.ec2.internal&noUDP&sock=schedd_1050_ca88>
    DAG Node: PreprocessJob
...
040 (042.000.000) 2025-01-12 10:10:59 Started transferring input files
	Transferring to host: <172.31.17.139:9618?addrs=172.31.17.139-9618&alias=ip-172-31-17-139.ec2.internal&noUDP&sock=slot1_2_946_4ae0_10>
...
040 (042.000.000) 2025-01-12 10:10:59 Finished transferring input files
...
001 (042.000.000) 2025-01-12 10:11:00 Job executing on host: <172.31.17.139:9618?addrs=172.31.17.139-9618&alias=ip-172-31-17-139.ec2.internal&noUDP&sock=startd_912_2276>
	SlotName: slot1_2@ip-172-31-17-139.ec2.internal
	CondorScratchDir = "/var/lib/condor/execute/dir_1083"
	Cpus = 1
	Disk = 1049600
	GPUs = 0
	Memory = 512
...
006 (042.000.000) 2025-01-12 10:11:02 Image size of job updated: 36
	0  -  MemoryUsage of job (MB)
	0  -  ResidentSetSize of job (KB)
...
040 (042.000.000) 2025-01-12 10:11:02 Started transferring output files
...
040 (042.000.000) 2025-01-12 10:11:03 Finished transferring output files
...
005 (042.000.000) 2025-01-12 10:11:03 Job terminated.
	(1) Normal termination (return value 1)
		Usr 0 00:00:01, Sys 0 00:00:00  -  Run Remote Usage
		Usr 0 00:00:00, Sys 0 00:00:00  -  Run Local Usage
		Usr 0 00:00:01, Sys 0 00:00:00  -  Total Remote Usage
		Usr 0 00:00:00, Sys 0 00:00:00  -  Total Local Usage
	13900234  -  Run Bytes Sent By Job
	4779987  -  Run Bytes Received By Job
	13900234  -  Total Bytes Sent By Job
	4779987  -  Total Bytes Received By Job
	Partitionable Resources :    Usage  Request Allocated 
	   Cpus                 :        0        1         1 
	   Disk (KB)            :    18258  1048576   1049600 
	   GPUs                 :                           0 
	   Memory (MB)          :        0      512       512 
	   TimeExecute (s)      :        2                    
	   TimeSlotBusy (s)     :        4                    

	Job terminated of its own accord at 2025-01-12T10:11:02Z with exit-code 1.
...
000 (045.000.000) 2025-01-12 10:19:35 Job submitted from host: <172.31.42.11:9618?addrs=172.31.42.11-9618&alias=ip-172-31-42-11.ec2.internal&noUDP&sock=schedd_1050_ca88>
    DAG Node: PreprocessJob
...
040 (045.000.000) 2025-01-12 10:19:53 Started transferring input files
	Transferring to host: <172.31.17.139:9618?addrs=172.31.17.139-9618&alias=ip-172-31-17-139.ec2.internal&noUDP&sock=slot1_2_946_4ae0_12>
...
040 (045.000.000) 2025-01-12 10:19:53 Finished transferring input files
...
001 (045.000.000) 2025-01-12 10:19:54 Job executing on host: <172.31.17.139:9618?addrs=172.31.17.139-9618&alias=ip-172-31-17-139.ec2.internal&noUDP&sock=startd_912_2276>
	SlotName: slot1_2@ip-172-31-17-139.ec2.internal
	CondorScratchDir = "/var/lib/condor/execute/dir_1122"
	Cpus = 1
	Disk = 1049600
	GPUs = 0
	Memory = 512
...
006 (045.000.000) 2025-01-12 10:19:56 Image size of job updated: 32
	0  -  MemoryUsage of job (MB)
	0  -  ResidentSetSize of job (KB)
...
040 (045.000.000) 2025-01-12 10:19:56 Started transferring output files
...
040 (045.000.000) 2025-01-12 10:19:56 Finished transferring output files
...
005 (045.000.000) 2025-01-12 10:19:56 Job terminated.
	(1) Normal termination (return value 1)
		Usr 0 00:00:01, Sys 0 00:00:00  -  Run Remote Usage
		Usr 0 00:00:00, Sys 0 00:00:00  -  Run Local Usage
		Usr 0 00:00:01, Sys 0 00:00:00  -  Total Remote Usage
		Usr 0 00:00:00, Sys 0 00:00:00  -  Total Local Usage
	13900234  -  Run Bytes Sent By Job
	4779987  -  Run Bytes Received By Job
	13900234  -  Total Bytes Sent By Job
	4779987  -  Total Bytes Received By Job
	Partitionable Resources :    Usage  Request Allocated 
	   Cpus                 :        0        1         1 
	   Disk (KB)            :    18258  1048576   1049600 
	   GPUs                 :                           0 
	   Memory (MB)          :        0      512       512 
	   TimeExecute (s)      :        2                    
	   TimeSlotBusy (s)     :        3                    

	Job terminated of its own accord at 2025-01-12T10:19:56Z with exit-code 1.
...
000 (048.000.000) 2025-01-12 10:43:13 Job submitted from host: <172.31.42.11:9618?addrs=172.31.42.11-9618&alias=ip-172-31-42-11.ec2.internal&noUDP&sock=schedd_1050_ca88>
    DAG Node: PreprocessJob
...
040 (048.000.000) 2025-01-12 10:43:13 Started transferring input files
	Transferring to host: <172.31.17.139:9618?addrs=172.31.17.139-9618&alias=ip-172-31-17-139.ec2.internal&noUDP&sock=slot1_1_946_4ae0_14>
...
040 (048.000.000) 2025-01-12 10:43:13 Finished transferring input files
...
001 (048.000.000) 2025-01-12 10:43:14 Job executing on host: <172.31.17.139:9618?addrs=172.31.17.139-9618&alias=ip-172-31-17-139.ec2.internal&noUDP&sock=startd_912_2276>
	SlotName: slot1_1@ip-172-31-17-139.ec2.internal
	CondorScratchDir = "/var/lib/condor/execute/dir_1153"
	Cpus = 1
	Disk = 1049600
	GPUs = 0
	Memory = 512
...
006 (048.000.000) 2025-01-12 10:43:16 Image size of job updated: 8
	0  -  MemoryUsage of job (MB)
	0  -  ResidentSetSize of job (KB)
...
040 (048.000.000) 2025-01-12 10:43:16 Started transferring output files
...
040 (048.000.000) 2025-01-12 10:43:17 Finished transferring output files
...
005 (048.000.000) 2025-01-12 10:43:17 Job terminated.
	(1) Normal termination (return value 1)
		Usr 0 00:00:01, Sys 0 00:00:00  -  Run Remote Usage
		Usr 0 00:00:00, Sys 0 00:00:00  -  Run Local Usage
		Usr 0 00:00:01, Sys 0 00:00:00  -  Total Remote Usage
		Usr 0 00:00:00, Sys 0 00:00:00  -  Total Local Usage
	13900234  -  Run Bytes Sent By Job
	4779987  -  Run Bytes Received By Job
	13900234  -  Total Bytes Sent By Job
	4779987  -  Total Bytes Received By Job
	Partitionable Resources :    Usage  Request Allocated 
	   Cpus                 :        0        1         1 
	   Disk (KB)            :    18258  1048576   1049600 
	   GPUs                 :                           0 
	   Memory (MB)          :        0      512       512 
	   TimeExecute (s)      :        2                    
	   TimeSlotBusy (s)     :        4                    

	Job terminated of its own accord at 2025-01-12T10:43:16Z with exit-code 1.
...
000 (051.000.000) 2025-01-12 10:44:46 Job submitted from host: <172.31.42.11:9618?addrs=172.31.42.11-9618&alias=ip-172-31-42-11.ec2.internal&noUDP&sock=schedd_1050_ca88>
    DAG Node: PreprocessJob
...
040 (051.000.000) 2025-01-12 10:44:46 Started transferring input files
	Transferring to host: <172.31.17.139:9618?addrs=172.31.17.139-9618&alias=ip-172-31-17-139.ec2.internal&noUDP&sock=slot1_1_946_4ae0_16>
...
040 (051.000.000) 2025-01-12 10:44:47 Finished transferring input files
...
001 (051.000.000) 2025-01-12 10:44:48 Job executing on host: <172.31.17.139:9618?addrs=172.31.17.139-9618&alias=ip-172-31-17-139.ec2.internal&noUDP&sock=startd_912_2276>
	SlotName: slot1_1@ip-172-31-17-139.ec2.internal
	CondorScratchDir = "/var/lib/condor/execute/dir_1161"
	Cpus = 1
	Disk = 1049600
	GPUs = 0
	Memory = 512
...
006 (051.000.000) 2025-01-12 10:44:50 Image size of job updated: 56
	0  -  MemoryUsage of job (MB)
	0  -  ResidentSetSize of job (KB)
...
040 (051.000.000) 2025-01-12 10:44:50 Started transferring output files
...
040 (051.000.000) 2025-01-12 10:44:50 Finished transferring output files
...
005 (051.000.000) 2025-01-12 10:44:50 Job terminated.
	(1) Normal termination (return value 1)
		Usr 0 00:00:01, Sys 0 00:00:00  -  Run Remote Usage
		Usr 0 00:00:00, Sys 0 00:00:00  -  Run Local Usage
		Usr 0 00:00:01, Sys 0 00:00:00  -  Total Remote Usage
		Usr 0 00:00:00, Sys 0 00:00:00  -  Total Local Usage
	13900234  -  Run Bytes Sent By Job
	4779987  -  Run Bytes Received By Job
	13900234  -  Total Bytes Sent By Job
	4779987  -  Total Bytes Received By Job
	Partitionable Resources :    Usage  Request Allocated 
	   Cpus                 :        0        1         1 
	   Disk (KB)            :    18258  1048576   1049600 
	   GPUs                 :                           0 
	   Memory (MB)          :        0      512       512 
	   TimeExecute (s)      :        2                    
	   TimeSlotBusy (s)     :        4                    

	Job terminated of its own accord at 2025-01-12T10:44:50Z with exit-code 1.
...
000 (054.000.000) 2025-01-12 10:46:22 Job submitted from host: <172.31.42.11:9618?addrs=172.31.42.11-9618&alias=ip-172-31-42-11.ec2.internal&noUDP&sock=schedd_1050_ca88>
    DAG Node: PreprocessJob
...
040 (054.000.000) 2025-01-12 10:46:22 Started transferring input files
	Transferring to host: <172.31.17.139:9618?addrs=172.31.17.139-9618&alias=ip-172-31-17-139.ec2.internal&noUDP&sock=slot1_1_946_4ae0_18>
...
040 (054.000.000) 2025-01-12 10:46:22 Finished transferring input files
...
001 (054.000.000) 2025-01-12 10:46:23 Job executing on host: <172.31.17.139:9618?addrs=172.31.17.139-9618&alias=ip-172-31-17-139.ec2.internal&noUDP&sock=startd_912_2276>
	SlotName: slot1_1@ip-172-31-17-139.ec2.internal
	CondorScratchDir = "/var/lib/condor/execute/dir_1169"
	Cpus = 1
	Disk = 1049600
	GPUs = 0
	Memory = 512
...
006 (054.000.000) 2025-01-12 10:46:25 Image size of job updated: 60
	0  -  MemoryUsage of job (MB)
	0  -  ResidentSetSize of job (KB)
...
040 (054.000.000) 2025-01-12 10:46:25 Started transferring output files
...
040 (054.000.000) 2025-01-12 10:46:26 Finished transferring output files
...
005 (054.000.000) 2025-01-12 10:46:26 Job terminated.
	(1) Normal termination (return value 1)
		Usr 0 00:00:01, Sys 0 00:00:00  -  Run Remote Usage
		Usr 0 00:00:00, Sys 0 00:00:00  -  Run Local Usage
		Usr 0 00:00:01, Sys 0 00:00:00  -  Total Remote Usage
		Usr 0 00:00:00, Sys 0 00:00:00  -  Total Local Usage
	13900234  -  Run Bytes Sent By Job
	4779987  -  Run Bytes Received By Job
	13900234  -  Total Bytes Sent By Job
	4779987  -  Total Bytes Received By Job
	Partitionable Resources :    Usage  Request Allocated 
	   Cpus                 :        0        1         1 
	   Disk (KB)            :    18258  1048576   1049600 
	   GPUs                 :                           0 
	   Memory (MB)          :        0      512       512 
	   TimeExecute (s)      :        2                    
	   TimeSlotBusy (s)     :        4                    

	Job terminated of its own accord at 2025-01-12T10:46:25Z with exit-code 1.
...
000 (057.000.000) 2025-01-12 10:47:44 Job submitted from host: <172.31.42.11:9618?addrs=172.31.42.11-9618&alias=ip-172-31-42-11.ec2.internal&noUDP&sock=schedd_1050_ca88>
    DAG Node: PreprocessJob
...
040 (057.000.000) 2025-01-12 10:47:44 Started transferring input files
	Transferring to host: <172.31.17.139:9618?addrs=172.31.17.139-9618&alias=ip-172-31-17-139.ec2.internal&noUDP&sock=slot1_1_946_4ae0_20>
...
040 (057.000.000) 2025-01-12 10:47:44 Finished transferring input files
...
001 (057.000.000) 2025-01-12 10:47:45 Job executing on host: <172.31.17.139:9618?addrs=172.31.17.139-9618&alias=ip-172-31-17-139.ec2.internal&noUDP&sock=startd_912_2276>
	SlotName: slot1_1@ip-172-31-17-139.ec2.internal
	CondorScratchDir = "/var/lib/condor/execute/dir_1178"
	Cpus = 1
	Disk = 1049600
	GPUs = 0
	Memory = 512
...
006 (057.000.000) 2025-01-12 10:47:47 Image size of job updated: 72
	0  -  MemoryUsage of job (MB)
	0  -  ResidentSetSize of job (KB)
...
040 (057.000.000) 2025-01-12 10:47:47 Started transferring output files
...
040 (057.000.000) 2025-01-12 10:47:47 Finished transferring output files
...
005 (057.000.000) 2025-01-12 10:47:48 Job terminated.
	(1) Normal termination (return value 1)
		Usr 0 00:00:01, Sys 0 00:00:00  -  Run Remote Usage
		Usr 0 00:00:00, Sys 0 00:00:00  -  Run Local Usage
		Usr 0 00:00:01, Sys 0 00:00:00  -  Total Remote Usage
		Usr 0 00:00:00, Sys 0 00:00:00  -  Total Local Usage
	13900234  -  Run Bytes Sent By Job
	4779987  -  Run Bytes Received By Job
	13900234  -  Total Bytes Sent By Job
	4779987  -  Total Bytes Received By Job
	Partitionable Resources :    Usage  Request Allocated 
	   Cpus                 :        0        1         1 
	   Disk (KB)            :    18258  1048576   1049600 
	   GPUs                 :                           0 
	   Memory (MB)          :        0      512       512 
	   TimeExecute (s)      :        2                    
	   TimeSlotBusy (s)     :        3                    

	Job terminated of its own accord at 2025-01-12T10:47:47Z with exit-code 1.
...
000 (060.000.000) 2025-01-12 10:51:21 Job submitted from host: <172.31.42.11:9618?addrs=172.31.42.11-9618&alias=ip-172-31-42-11.ec2.internal&noUDP&sock=schedd_1050_ca88>
    DAG Node: PreprocessJob
...
040 (060.000.000) 2025-01-12 10:51:39 Started transferring input files
	Transferring to host: <172.31.17.139:9618?addrs=172.31.17.139-9618&alias=ip-172-31-17-139.ec2.internal&noUDP&sock=slot1_2_946_4ae0_22>
...
040 (060.000.000) 2025-01-12 10:51:39 Finished transferring input files
...
040 (060.000.000) 2025-01-12 10:51:40 Started transferring output files
...
021 (060.000.000) 2025-01-12 10:51:40 Error from starter on slot1_2@ip-172-31-17-139.ec2.internal:
	Failed to transfer files: SHADOW at 172.31.42.11 failed to send file(s) to <172.31.17.139:35625>: |Error: reading from file /home/ubuntu/wqd7008_group_project/imported_data.pkl: (errno 2) No such file or directory; STARTER failed to receive file(s) from <172.31.42.11:9618>
	Code 13 Subcode 2
...
004 (060.000.000) 2025-01-12 10:51:40 Job was evicted.
	(0) CPU times
		Usr 0 00:00:00, Sys 0 00:00:00  -  Run Remote Usage
		Usr 0 00:00:00, Sys 0 00:00:00  -  Run Local Usage
	0  -  Run Bytes Sent By Job
	2278  -  Run Bytes Received By Job
	Transfer input files failure at access point ip-172-31-42-11 while sending files to execution point slot1_2@ip-172-31-17-139.ec2.internal. Details: reading from file /home/ubuntu/wqd7008_group_project/imported_data.pkl: (errno 2) No such file or directory
	Partitionable Resources :    Usage  Request Allocated 
	   Cpus                 :                 1         1 
	   Disk (KB)            :       12  1048576   1049600 
	   GPUs                 :                           0 
	   Memory (MB)          :               512       512 
...
012 (060.000.000) 2025-01-12 10:51:40 Job was held.
	Transfer input files failure at access point ip-172-31-42-11 while sending files to execution point slot1_2@ip-172-31-17-139.ec2.internal. Details: reading from file /home/ubuntu/wqd7008_group_project/imported_data.pkl: (errno 2) No such file or directory
	Code 13 Subcode 2
...
009 (060.000.000) 2025-01-12 11:11:53 Job was aborted.
	removed because <OtherJobRemoveRequirements = DAGManJobId =?= 58> fired when job (58.0) was removed
...
000 (064.000.000) 2025-01-12 11:11:53 Job submitted from host: <172.31.42.11:9618?addrs=172.31.42.11-9618&alias=ip-172-31-42-11.ec2.internal&noUDP&sock=schedd_1050_ca88>
    DAG Node: PreprocessJob
...
040 (064.000.000) 2025-01-12 11:12:11 Started transferring input files
	Transferring to host: <172.31.17.139:9618?addrs=172.31.17.139-9618&alias=ip-172-31-17-139.ec2.internal&noUDP&sock=slot1_2_946_4ae0_24>
...
040 (064.000.000) 2025-01-12 11:12:11 Finished transferring input files
...
001 (064.000.000) 2025-01-12 11:12:12 Job executing on host: <172.31.17.139:9618?addrs=172.31.17.139-9618&alias=ip-172-31-17-139.ec2.internal&noUDP&sock=startd_912_2276>
	SlotName: slot1_2@ip-172-31-17-139.ec2.internal
	CondorScratchDir = "/var/lib/condor/execute/dir_1659"
	Cpus = 1
	Disk = 1049600
	GPUs = 0
	Memory = 512
...
006 (064.000.000) 2025-01-12 11:12:15 Image size of job updated: 48
	0  -  MemoryUsage of job (MB)
	0  -  ResidentSetSize of job (KB)
...
040 (064.000.000) 2025-01-12 11:12:15 Started transferring output files
...
040 (064.000.000) 2025-01-12 11:12:15 Finished transferring output files
...
005 (064.000.000) 2025-01-12 11:12:15 Job terminated.
	(1) Normal termination (return value 1)
		Usr 0 00:00:01, Sys 0 00:00:00  -  Run Remote Usage
		Usr 0 00:00:00, Sys 0 00:00:00  -  Run Local Usage
		Usr 0 00:00:01, Sys 0 00:00:00  -  Total Remote Usage
		Usr 0 00:00:00, Sys 0 00:00:00  -  Total Local Usage
	624  -  Run Bytes Sent By Job
	4780365  -  Run Bytes Received By Job
	624  -  Total Bytes Sent By Job
	4780365  -  Total Bytes Received By Job
	Partitionable Resources :    Usage  Request Allocated 
	   Cpus                 :        0        1         1 
	   Disk (KB)            :     4684  1048576   1049600 
	   GPUs                 :                           0 
	   Memory (MB)          :        0      512       512 
	   TimeExecute (s)      :        3                    
	   TimeSlotBusy (s)     :        4                    

	Job terminated of its own accord at 2025-01-12T11:12:15Z with exit-code 1.
...
000 (067.000.000) 2025-01-12 11:19:45 Job submitted from host: <172.31.42.11:9618?addrs=172.31.42.11-9618&alias=ip-172-31-42-11.ec2.internal&noUDP&sock=schedd_1050_ca88>
    DAG Node: PreprocessJob
...
040 (067.000.000) 2025-01-12 11:20:03 Started transferring input files
	Transferring to host: <172.31.17.139:9618?addrs=172.31.17.139-9618&alias=ip-172-31-17-139.ec2.internal&noUDP&sock=slot1_2_946_4ae0_26>
...
040 (067.000.000) 2025-01-12 11:20:03 Finished transferring input files
...
001 (067.000.000) 2025-01-12 11:20:04 Job executing on host: <172.31.17.139:9618?addrs=172.31.17.139-9618&alias=ip-172-31-17-139.ec2.internal&noUDP&sock=startd_912_2276>
	SlotName: slot1_2@ip-172-31-17-139.ec2.internal
	CondorScratchDir = "/var/lib/condor/execute/dir_1800"
	Cpus = 1
	Disk = 1049600
	GPUs = 0
	Memory = 512
...
006 (067.000.000) 2025-01-12 11:20:08 Image size of job updated: 80
	0  -  MemoryUsage of job (MB)
	0  -  ResidentSetSize of job (KB)
...
040 (067.000.000) 2025-01-12 11:20:08 Started transferring output files
...
040 (067.000.000) 2025-01-12 11:20:08 Finished transferring output files
...
005 (067.000.000) 2025-01-12 11:20:08 Job terminated.
	(1) Normal termination (return value 0)
		Usr 0 00:00:03, Sys 0 00:00:00  -  Run Remote Usage
		Usr 0 00:00:00, Sys 0 00:00:00  -  Run Local Usage
		Usr 0 00:00:03, Sys 0 00:00:00  -  Total Remote Usage
		Usr 0 00:00:00, Sys 0 00:00:00  -  Total Local Usage
	25528544  -  Run Bytes Sent By Job
	4780390  -  Run Bytes Received By Job
	25528544  -  Total Bytes Sent By Job
	4780390  -  Total Bytes Received By Job
	Partitionable Resources :    Usage  Request Allocated 
	   Cpus                 :        0        1         1 
	   Disk (KB)            :    29614  1048576   1049600 
	   GPUs                 :                           0 
	   Memory (MB)          :        0      512       512 
	   TimeExecute (s)      :        4                    
	   TimeSlotBusy (s)     :        5                    

	Job terminated of its own accord at 2025-01-12T11:20:08Z with exit-code 0.
...
000 (070.000.000) 2025-01-12 11:21:44 Job submitted from host: <172.31.42.11:9618?addrs=172.31.42.11-9618&alias=ip-172-31-42-11.ec2.internal&noUDP&sock=schedd_1050_ca88>
    DAG Node: PreprocessJob
...
040 (070.000.000) 2025-01-12 11:22:02 Started transferring input files
	Transferring to host: <172.31.17.139:9618?addrs=172.31.17.139-9618&alias=ip-172-31-17-139.ec2.internal&noUDP&sock=slot1_2_946_4ae0_28>
...
040 (070.000.000) 2025-01-12 11:22:02 Finished transferring input files
...
001 (070.000.000) 2025-01-12 11:22:03 Job executing on host: <172.31.17.139:9618?addrs=172.31.17.139-9618&alias=ip-172-31-17-139.ec2.internal&noUDP&sock=startd_912_2276>
	SlotName: slot1_2@ip-172-31-17-139.ec2.internal
	CondorScratchDir = "/var/lib/condor/execute/dir_2180"
	Cpus = 1
	Disk = 1049600
	GPUs = 0
	Memory = 512
...
006 (070.000.000) 2025-01-12 11:22:07 Image size of job updated: 48
	0  -  MemoryUsage of job (MB)
	0  -  ResidentSetSize of job (KB)
...
040 (070.000.000) 2025-01-12 11:22:07 Started transferring output files
...
040 (070.000.000) 2025-01-12 11:22:07 Finished transferring output files
...
005 (070.000.000) 2025-01-12 11:22:07 Job terminated.
	(1) Normal termination (return value 0)
		Usr 0 00:00:03, Sys 0 00:00:00  -  Run Remote Usage
		Usr 0 00:00:00, Sys 0 00:00:00  -  Run Local Usage
		Usr 0 00:00:03, Sys 0 00:00:00  -  Total Remote Usage
		Usr 0 00:00:00, Sys 0 00:00:00  -  Total Local Usage
	25528544  -  Run Bytes Sent By Job
	4780390  -  Run Bytes Received By Job
	25528544  -  Total Bytes Sent By Job
	4780390  -  Total Bytes Received By Job
	Partitionable Resources :    Usage  Request Allocated 
	   Cpus                 :        0        1         1 
	   Disk (KB)            :    29614  1048576   1049600 
	   GPUs                 :                           0 
	   Memory (MB)          :        0      512       512 
	   TimeExecute (s)      :        4                    
	   TimeSlotBusy (s)     :        5                    

	Job terminated of its own accord at 2025-01-12T11:22:07Z with exit-code 0.
...
000 (074.000.000) 2025-01-12 11:24:08 Job submitted from host: <172.31.42.11:9618?addrs=172.31.42.11-9618&alias=ip-172-31-42-11.ec2.internal&noUDP&sock=schedd_1050_ca88>
    DAG Node: PreprocessJob
...
040 (074.000.000) 2025-01-12 11:24:26 Started transferring input files
	Transferring to host: <172.31.17.139:9618?addrs=172.31.17.139-9618&alias=ip-172-31-17-139.ec2.internal&noUDP&sock=slot1_2_946_4ae0_30>
...
040 (074.000.000) 2025-01-12 11:24:26 Finished transferring input files
...
040 (074.000.000) 2025-01-12 11:24:27 Started transferring output files
...
021 (074.000.000) 2025-01-12 11:24:27 Error from starter on slot1_2@ip-172-31-17-139.ec2.internal:
	Failed to transfer files: SHADOW at 172.31.42.11 failed to send file(s) to <172.31.17.139:46501>: |Error: reading from file /home/ubuntu/wqd7008_group_project/imported_data.pkl: (errno 2) No such file or directory; STARTER failed to receive file(s) from <172.31.42.11:9618>
	Code 13 Subcode 2
...
004 (074.000.000) 2025-01-12 11:24:27 Job was evicted.
	(0) CPU times
		Usr 0 00:00:00, Sys 0 00:00:00  -  Run Remote Usage
		Usr 0 00:00:00, Sys 0 00:00:00  -  Run Local Usage
	0  -  Run Bytes Sent By Job
	2681  -  Run Bytes Received By Job
	Transfer input files failure at access point ip-172-31-42-11 while sending files to execution point slot1_2@ip-172-31-17-139.ec2.internal. Details: reading from file /home/ubuntu/wqd7008_group_project/imported_data.pkl: (errno 2) No such file or directory
	Partitionable Resources :    Usage  Request Allocated 
	   Cpus                 :                 1         1 
	   Disk (KB)            :       13  1048576   1049600 
	   GPUs                 :                           0 
	   Memory (MB)          :               512       512 
...
012 (074.000.000) 2025-01-12 11:24:27 Job was held.
	Transfer input files failure at access point ip-172-31-42-11 while sending files to execution point slot1_2@ip-172-31-17-139.ec2.internal. Details: reading from file /home/ubuntu/wqd7008_group_project/imported_data.pkl: (errno 2) No such file or directory
	Code 13 Subcode 2
...
000 (079.000.000) 2025-01-12 11:35:34 Job submitted from host: <172.31.42.11:9618?addrs=172.31.42.11-9618&alias=ip-172-31-42-11.ec2.internal&noUDP&sock=schedd_1050_ca88>
    DAG Node: PreprocessJob
...
009 (074.000.000) 2025-01-12 11:35:37 Job was aborted.
	removed because <OtherJobRemoveRequirements = DAGManJobId =?= 72> fired when job (72.0) was removed
...
040 (079.000.000) 2025-01-12 11:35:44 Started transferring input files
	Transferring to host: <172.31.17.139:9618?addrs=172.31.17.139-9618&alias=ip-172-31-17-139.ec2.internal&noUDP&sock=slot1_2_946_4ae0_32>
...
040 (079.000.000) 2025-01-12 11:35:44 Finished transferring input files
...
040 (079.000.000) 2025-01-12 11:35:45 Started transferring output files
...
021 (079.000.000) 2025-01-12 11:35:45 Error from starter on slot1_2@ip-172-31-17-139.ec2.internal:
	Failed to transfer files: SHADOW at 172.31.42.11 failed to send file(s) to <172.31.17.139:34865>: |Error: reading from file /home/ubuntu/wqd7008_group_project/imported_data.pkl: (errno 2) No such file or directory; STARTER failed to receive file(s) from <172.31.42.11:9618>
	Code 13 Subcode 2
...
004 (079.000.000) 2025-01-12 11:35:46 Job was evicted.
	(0) CPU times
		Usr 0 00:00:00, Sys 0 00:00:00  -  Run Remote Usage
		Usr 0 00:00:00, Sys 0 00:00:00  -  Run Local Usage
	0  -  Run Bytes Sent By Job
	2681  -  Run Bytes Received By Job
	Transfer input files failure at access point ip-172-31-42-11 while sending files to execution point slot1_2@ip-172-31-17-139.ec2.internal. Details: reading from file /home/ubuntu/wqd7008_group_project/imported_data.pkl: (errno 2) No such file or directory
	Partitionable Resources :    Usage  Request Allocated 
	   Cpus                 :                 1         1 
	   Disk (KB)            :       13  1048576   1049600 
	   GPUs                 :                           0 
	   Memory (MB)          :               512       512 
...
012 (079.000.000) 2025-01-12 11:35:46 Job was held.
	Transfer input files failure at access point ip-172-31-42-11 while sending files to execution point slot1_2@ip-172-31-17-139.ec2.internal. Details: reading from file /home/ubuntu/wqd7008_group_project/imported_data.pkl: (errno 2) No such file or directory
	Code 13 Subcode 2
...
000 (083.000.000) 2025-01-12 11:41:57 Job submitted from host: <172.31.42.11:9618?addrs=172.31.42.11-9618&alias=ip-172-31-42-11.ec2.internal&noUDP&sock=schedd_1050_ca88>
    DAG Node: PreprocessJob
...
009 (079.000.000) 2025-01-12 11:41:59 Job was aborted.
	removed because <OtherJobRemoveRequirements = DAGManJobId =?= 77> fired when job (77.0) was removed
...
040 (083.000.000) 2025-01-12 11:42:15 Started transferring input files
	Transferring to host: <172.31.17.139:9618?addrs=172.31.17.139-9618&alias=ip-172-31-17-139.ec2.internal&noUDP&sock=slot1_2_946_4ae0_34>
...
040 (083.000.000) 2025-01-12 11:42:15 Finished transferring input files
...
040 (083.000.000) 2025-01-12 11:42:16 Started transferring output files
...
021 (083.000.000) 2025-01-12 11:42:16 Error from starter on slot1_2@ip-172-31-17-139.ec2.internal:
	Failed to transfer files: SHADOW at 172.31.42.11 failed to send file(s) to <172.31.17.139:45169>: |Error: reading from file /home/ubuntu/wqd7008_group_project/imported_data.pkl: (errno 2) No such file or directory; STARTER failed to receive file(s) from <172.31.42.11:9618>
	Code 13 Subcode 2
...
004 (083.000.000) 2025-01-12 11:42:16 Job was evicted.
	(0) CPU times
		Usr 0 00:00:00, Sys 0 00:00:00  -  Run Remote Usage
		Usr 0 00:00:00, Sys 0 00:00:00  -  Run Local Usage
	0  -  Run Bytes Sent By Job
	2719  -  Run Bytes Received By Job
	Transfer input files failure at access point ip-172-31-42-11 while sending files to execution point slot1_2@ip-172-31-17-139.ec2.internal. Details: reading from file /home/ubuntu/wqd7008_group_project/imported_data.pkl: (errno 2) No such file or directory
	Partitionable Resources :    Usage  Request Allocated 
	   Cpus                 :                 1         1 
	   Disk (KB)            :       13  1048576   1049600 
	   GPUs                 :                           0 
	   Memory (MB)          :               512       512 
...
012 (083.000.000) 2025-01-12 11:42:16 Job was held.
	Transfer input files failure at access point ip-172-31-42-11 while sending files to execution point slot1_2@ip-172-31-17-139.ec2.internal. Details: reading from file /home/ubuntu/wqd7008_group_project/imported_data.pkl: (errno 2) No such file or directory
	Code 13 Subcode 2
...
000 (087.000.000) 2025-01-12 11:53:44 Job submitted from host: <172.31.42.11:9618?addrs=172.31.42.11-9618&alias=ip-172-31-42-11.ec2.internal&noUDP&sock=schedd_1050_ca88>
    DAG Node: PreprocessJob
...
009 (083.000.000) 2025-01-12 11:53:47 Job was aborted.
	removed because <OtherJobRemoveRequirements = DAGManJobId =?= 81> fired when job (81.0) was removed
...
040 (087.000.000) 2025-01-12 11:54:02 Started transferring input files
	Transferring to host: <172.31.17.139:9618?addrs=172.31.17.139-9618&alias=ip-172-31-17-139.ec2.internal&noUDP&sock=slot1_2_946_4ae0_36>
...
040 (087.000.000) 2025-01-12 11:54:02 Finished transferring input files
...
001 (087.000.000) 2025-01-12 11:54:03 Job executing on host: <172.31.17.139:9618?addrs=172.31.17.139-9618&alias=ip-172-31-17-139.ec2.internal&noUDP&sock=startd_912_2276>
	SlotName: slot1_2@ip-172-31-17-139.ec2.internal
	CondorScratchDir = "/var/lib/condor/execute/dir_2597"
	Cpus = 1
	Disk = 1049600
	GPUs = 0
	Memory = 512
...
006 (087.000.000) 2025-01-12 11:54:06 Image size of job updated: 36
	0  -  MemoryUsage of job (MB)
	0  -  ResidentSetSize of job (KB)
...
040 (087.000.000) 2025-01-12 11:54:06 Started transferring output files
...
040 (087.000.000) 2025-01-12 11:54:07 Finished transferring output files
...
005 (087.000.000) 2025-01-12 11:54:07 Job terminated.
	(1) Normal termination (return value 0)
		Usr 0 00:00:02, Sys 0 00:00:00  -  Run Remote Usage
		Usr 0 00:00:00, Sys 0 00:00:00  -  Run Local Usage
		Usr 0 00:00:02, Sys 0 00:00:00  -  Total Remote Usage
		Usr 0 00:00:00, Sys 0 00:00:00  -  Total Local Usage
	20774012  -  Run Bytes Sent By Job
	4779949  -  Run Bytes Received By Job
	20774012  -  Total Bytes Sent By Job
	4779949  -  Total Bytes Received By Job
	Partitionable Resources :    Usage  Request Allocated 
	   Cpus                 :        0        1         1 
	   Disk (KB)            :    24970  1048576   1049600 
	   GPUs                 :                           0 
	   Memory (MB)          :        0      512       512 
	   TimeExecute (s)      :        3                    
	   TimeSlotBusy (s)     :        5                    

	Job terminated of its own accord at 2025-01-12T11:54:06Z with exit-code 0.
...
000 (090.000.000) 2025-01-12 11:56:06 Job submitted from host: <172.31.42.11:9618?addrs=172.31.42.11-9618&alias=ip-172-31-42-11.ec2.internal&noUDP&sock=schedd_1050_ca88>
    DAG Node: PreprocessJob
...
040 (090.000.000) 2025-01-12 11:56:22 Started transferring input files
	Transferring to host: <172.31.17.139:9618?addrs=172.31.17.139-9618&alias=ip-172-31-17-139.ec2.internal&noUDP&sock=slot1_2_946_4ae0_38>
...
040 (090.000.000) 2025-01-12 11:56:22 Finished transferring input files
...
040 (090.000.000) 2025-01-12 11:56:23 Started transferring output files
...
021 (090.000.000) 2025-01-12 11:56:23 Error from starter on slot1_2@ip-172-31-17-139.ec2.internal:
	Failed to transfer files: SHADOW at 172.31.42.11 failed to send file(s) to <172.31.17.139:45327>: |Error: reading from file /home/ubuntu/wqd7008_group_project/imported_data.pkl: (errno 2) No such file or directory; STARTER failed to receive file(s) from <172.31.42.11:9618>
	Code 13 Subcode 2
...
004 (090.000.000) 2025-01-12 11:56:23 Job was evicted.
	(0) CPU times
		Usr 0 00:00:00, Sys 0 00:00:00  -  Run Remote Usage
		Usr 0 00:00:00, Sys 0 00:00:00  -  Run Local Usage
	0  -  Run Bytes Sent By Job
	2281  -  Run Bytes Received By Job
	Transfer input files failure at access point ip-172-31-42-11 while sending files to execution point slot1_2@ip-172-31-17-139.ec2.internal. Details: reading from file /home/ubuntu/wqd7008_group_project/imported_data.pkl: (errno 2) No such file or directory
	Partitionable Resources :    Usage  Request Allocated 
	   Cpus                 :                 1         1 
	   Disk (KB)            :       12  1048576   1049600 
	   GPUs                 :                           0 
	   Memory (MB)          :               512       512 
...
012 (090.000.000) 2025-01-12 11:56:23 Job was held.
	Transfer input files failure at access point ip-172-31-42-11 while sending files to execution point slot1_2@ip-172-31-17-139.ec2.internal. Details: reading from file /home/ubuntu/wqd7008_group_project/imported_data.pkl: (errno 2) No such file or directory
	Code 13 Subcode 2
...
000 (094.000.000) 2025-01-12 12:04:44 Job submitted from host: <172.31.42.11:9618?addrs=172.31.42.11-9618&alias=ip-172-31-42-11.ec2.internal&noUDP&sock=schedd_1050_ca88>
    DAG Node: PreprocessJob
...
009 (090.000.000) 2025-01-12 12:04:47 Job was aborted.
	removed because <OtherJobRemoveRequirements = DAGManJobId =?= 88> fired when job (88.0) was removed
...
040 (094.000.000) 2025-01-12 12:05:02 Started transferring input files
	Transferring to host: <172.31.17.139:9618?addrs=172.31.17.139-9618&alias=ip-172-31-17-139.ec2.internal&noUDP&sock=slot1_2_946_4ae0_40>
...
040 (094.000.000) 2025-01-12 12:05:02 Finished transferring input files
...
040 (094.000.000) 2025-01-12 12:05:03 Started transferring output files
...
021 (094.000.000) 2025-01-12 12:05:03 Error from starter on slot1_2@ip-172-31-17-139.ec2.internal:
	Failed to transfer files: SHADOW at 172.31.42.11 failed to send file(s) to <172.31.17.139:44125>: |Error: reading from file /home/ubuntu/wqd7008_group_project/imported_data.pkl: (errno 2) No such file or directory; STARTER failed to receive file(s) from <172.31.42.11:9618>
	Code 13 Subcode 2
...
004 (094.000.000) 2025-01-12 12:05:03 Job was evicted.
	(0) CPU times
		Usr 0 00:00:00, Sys 0 00:00:00  -  Run Remote Usage
		Usr 0 00:00:00, Sys 0 00:00:00  -  Run Local Usage
	0  -  Run Bytes Sent By Job
	2273  -  Run Bytes Received By Job
	Transfer input files failure at access point ip-172-31-42-11 while sending files to execution point slot1_2@ip-172-31-17-139.ec2.internal. Details: reading from file /home/ubuntu/wqd7008_group_project/imported_data.pkl: (errno 2) No such file or directory
	Partitionable Resources :    Usage  Request Allocated 
	   Cpus                 :                 1         1 
	   Disk (KB)            :       12  1048576   1049600 
	   GPUs                 :                           0 
	   Memory (MB)          :               512       512 
...
012 (094.000.000) 2025-01-12 12:05:03 Job was held.
	Transfer input files failure at access point ip-172-31-42-11 while sending files to execution point slot1_2@ip-172-31-17-139.ec2.internal. Details: reading from file /home/ubuntu/wqd7008_group_project/imported_data.pkl: (errno 2) No such file or directory
	Code 13 Subcode 2
...
000 (098.000.000) 2025-01-12 12:08:43 Job submitted from host: <172.31.42.11:9618?addrs=172.31.42.11-9618&alias=ip-172-31-42-11.ec2.internal&noUDP&sock=schedd_1050_ca88>
    DAG Node: PreprocessJob
...
009 (094.000.000) 2025-01-12 12:08:44 Job was aborted.
	removed because <OtherJobRemoveRequirements = DAGManJobId =?= 92> fired when job (92.0) was removed
...
040 (098.000.000) 2025-01-12 12:08:52 Started transferring input files
	Transferring to host: <172.31.17.139:9618?addrs=172.31.17.139-9618&alias=ip-172-31-17-139.ec2.internal&noUDP&sock=slot1_2_946_4ae0_42>
...
040 (098.000.000) 2025-01-12 12:08:52 Finished transferring input files
...
001 (098.000.000) 2025-01-12 12:08:53 Job executing on host: <172.31.17.139:9618?addrs=172.31.17.139-9618&alias=ip-172-31-17-139.ec2.internal&noUDP&sock=startd_912_2276>
	SlotName: slot1_2@ip-172-31-17-139.ec2.internal
	CondorScratchDir = "/var/lib/condor/execute/dir_2623"
	Cpus = 1
	Disk = 1049600
	GPUs = 0
	Memory = 512
...
006 (098.000.000) 2025-01-12 12:08:56 Image size of job updated: 80
	0  -  MemoryUsage of job (MB)
	0  -  ResidentSetSize of job (KB)
...
040 (098.000.000) 2025-01-12 12:08:56 Started transferring output files
...
040 (098.000.000) 2025-01-12 12:08:57 Finished transferring output files
...
005 (098.000.000) 2025-01-12 12:08:57 Job terminated.
	(1) Normal termination (return value 0)
		Usr 0 00:00:03, Sys 0 00:00:00  -  Run Remote Usage
		Usr 0 00:00:00, Sys 0 00:00:00  -  Run Local Usage
		Usr 0 00:00:03, Sys 0 00:00:00  -  Total Remote Usage
		Usr 0 00:00:00, Sys 0 00:00:00  -  Total Local Usage
	20774012  -  Run Bytes Sent By Job
	4779983  -  Run Bytes Received By Job
	20774012  -  Total Bytes Sent By Job
	4779983  -  Total Bytes Received By Job
	Partitionable Resources :    Usage  Request Allocated 
	   Cpus                 :        0        1         1 
	   Disk (KB)            :    24970  1048576   1049600 
	   GPUs                 :                           0 
	   Memory (MB)          :        0      512       512 
	   TimeExecute (s)      :        3                    
	   TimeSlotBusy (s)     :        5                    

	Job terminated of its own accord at 2025-01-12T12:08:56Z with exit-code 0.
...
000 (101.000.000) 2025-01-12 12:09:46 Job submitted from host: <172.31.42.11:9618?addrs=172.31.42.11-9618&alias=ip-172-31-42-11.ec2.internal&noUDP&sock=schedd_1050_ca88>
    DAG Node: PreprocessJob
...
040 (101.000.000) 2025-01-12 12:10:05 Started transferring input files
	Transferring to host: <172.31.17.139:9618?addrs=172.31.17.139-9618&alias=ip-172-31-17-139.ec2.internal&noUDP&sock=slot1_2_946_4ae0_44>
...
040 (101.000.000) 2025-01-12 12:10:06 Finished transferring input files
...
001 (101.000.000) 2025-01-12 12:10:07 Job executing on host: <172.31.17.139:9618?addrs=172.31.17.139-9618&alias=ip-172-31-17-139.ec2.internal&noUDP&sock=startd_912_2276>
	SlotName: slot1_2@ip-172-31-17-139.ec2.internal
	CondorScratchDir = "/var/lib/condor/execute/dir_2640"
	Cpus = 1
	Disk = 1049600
	GPUs = 0
	Memory = 512
...
006 (101.000.000) 2025-01-12 12:10:10 Image size of job updated: 24
	0  -  MemoryUsage of job (MB)
	0  -  ResidentSetSize of job (KB)
...
040 (101.000.000) 2025-01-12 12:10:10 Started transferring output files
...
040 (101.000.000) 2025-01-12 12:10:11 Finished transferring output files
...
005 (101.000.000) 2025-01-12 12:10:11 Job terminated.
	(1) Normal termination (return value 0)
		Usr 0 00:00:03, Sys 0 00:00:00  -  Run Remote Usage
		Usr 0 00:00:00, Sys 0 00:00:00  -  Run Local Usage
		Usr 0 00:00:03, Sys 0 00:00:00  -  Total Remote Usage
		Usr 0 00:00:00, Sys 0 00:00:00  -  Total Local Usage
	20774012  -  Run Bytes Sent By Job
	4779982  -  Run Bytes Received By Job
	20774012  -  Total Bytes Sent By Job
	4779982  -  Total Bytes Received By Job
	Partitionable Resources :    Usage  Request Allocated 
	   Cpus                 :        0        1         1 
	   Disk (KB)            :    24970  1048576   1049600 
	   GPUs                 :                           0 
	   Memory (MB)          :        0      512       512 
	   TimeExecute (s)      :        3                    
	   TimeSlotBusy (s)     :        6                    

	Job terminated of its own accord at 2025-01-12T12:10:10Z with exit-code 0.
...
000 (104.000.000) 2025-01-12 12:17:20 Job submitted from host: <172.31.42.11:9618?addrs=172.31.42.11-9618&alias=ip-172-31-42-11.ec2.internal&noUDP&sock=schedd_1050_ca88>
    DAG Node: PreprocessJob
...
040 (104.000.000) 2025-01-12 12:17:25 Started transferring input files
	Transferring to host: <172.31.17.139:9618?addrs=172.31.17.139-9618&alias=ip-172-31-17-139.ec2.internal&noUDP&sock=slot1_2_946_4ae0_46>
...
040 (104.000.000) 2025-01-12 12:17:25 Finished transferring input files
...
001 (104.000.000) 2025-01-12 12:17:26 Job executing on host: <172.31.17.139:9618?addrs=172.31.17.139-9618&alias=ip-172-31-17-139.ec2.internal&noUDP&sock=startd_912_2276>
	SlotName: slot1_2@ip-172-31-17-139.ec2.internal
	CondorScratchDir = "/var/lib/condor/execute/dir_2662"
	Cpus = 1
	Disk = 1049600
	GPUs = 0
	Memory = 512
...
006 (104.000.000) 2025-01-12 12:17:29 Image size of job updated: 44
	0  -  MemoryUsage of job (MB)
	0  -  ResidentSetSize of job (KB)
...
040 (104.000.000) 2025-01-12 12:17:29 Started transferring output files
...
040 (104.000.000) 2025-01-12 12:17:30 Finished transferring output files
...
005 (104.000.000) 2025-01-12 12:17:30 Job terminated.
	(1) Normal termination (return value 0)
		Usr 0 00:00:03, Sys 0 00:00:00  -  Run Remote Usage
		Usr 0 00:00:00, Sys 0 00:00:00  -  Run Local Usage
		Usr 0 00:00:03, Sys 0 00:00:00  -  Total Remote Usage
		Usr 0 00:00:00, Sys 0 00:00:00  -  Total Local Usage
	25531168  -  Run Bytes Sent By Job
	4780148  -  Run Bytes Received By Job
	25531168  -  Total Bytes Sent By Job
	4780148  -  Total Bytes Received By Job
	Partitionable Resources :    Usage  Request Allocated 
	   Cpus                 :        0        1         1 
	   Disk (KB)            :    29616  1048576   1049600 
	   GPUs                 :                           0 
	   Memory (MB)          :        0      512       512 
	   TimeExecute (s)      :        3                    
	   TimeSlotBusy (s)     :        5                    

	Job terminated of its own accord at 2025-01-12T12:17:29Z with exit-code 0.
...
000 (107.000.000) 2025-01-12 12:19:37 Job submitted from host: <172.31.42.11:9618?addrs=172.31.42.11-9618&alias=ip-172-31-42-11.ec2.internal&noUDP&sock=schedd_1050_ca88>
    DAG Node: PreprocessJob
...
040 (107.000.000) 2025-01-12 12:19:45 Started transferring input files
	Transferring to host: <172.31.17.139:9618?addrs=172.31.17.139-9618&alias=ip-172-31-17-139.ec2.internal&noUDP&sock=slot1_2_946_4ae0_48>
...
040 (107.000.000) 2025-01-12 12:19:45 Finished transferring input files
...
040 (107.000.000) 2025-01-12 12:19:46 Started transferring output files
...
021 (107.000.000) 2025-01-12 12:19:46 Error from starter on slot1_2@ip-172-31-17-139.ec2.internal:
	Failed to transfer files: SHADOW at 172.31.42.11 failed to send file(s) to <172.31.17.139:41021>: |Error: reading from file /home/ubuntu/wqd7008_group_project/imported_data.pkl: (errno 2) No such file or directory; STARTER failed to receive file(s) from <172.31.42.11:9618>
	Code 13 Subcode 2
...
004 (107.000.000) 2025-01-12 12:19:46 Job was evicted.
	(0) CPU times
		Usr 0 00:00:00, Sys 0 00:00:00  -  Run Remote Usage
		Usr 0 00:00:00, Sys 0 00:00:00  -  Run Local Usage
	0  -  Run Bytes Sent By Job
	2283  -  Run Bytes Received By Job
	Transfer input files failure at access point ip-172-31-42-11 while sending files to execution point slot1_2@ip-172-31-17-139.ec2.internal. Details: reading from file /home/ubuntu/wqd7008_group_project/imported_data.pkl: (errno 2) No such file or directory
	Partitionable Resources :    Usage  Request Allocated 
	   Cpus                 :                 1         1 
	   Disk (KB)            :       12  1048576   1049600 
	   GPUs                 :                           0 
	   Memory (MB)          :               512       512 
...
012 (107.000.000) 2025-01-12 12:19:46 Job was held.
	Transfer input files failure at access point ip-172-31-42-11 while sending files to execution point slot1_2@ip-172-31-17-139.ec2.internal. Details: reading from file /home/ubuntu/wqd7008_group_project/imported_data.pkl: (errno 2) No such file or directory
	Code 13 Subcode 2
...
000 (111.000.000) 2025-01-12 12:39:58 Job submitted from host: <172.31.42.11:9618?addrs=172.31.42.11-9618&alias=ip-172-31-42-11.ec2.internal&noUDP&sock=schedd_1050_ca88>
    DAG Node: PreprocessJob
...
009 (107.000.000) 2025-01-12 12:39:59 Job was aborted.
	removed because <OtherJobRemoveRequirements = DAGManJobId =?= 105> fired when job (105.0) was removed
...
040 (111.000.000) 2025-01-12 12:40:16 Started transferring input files
	Transferring to host: <172.31.17.139:9618?addrs=172.31.17.139-9618&alias=ip-172-31-17-139.ec2.internal&noUDP&sock=slot1_2_946_4ae0_50>
...
040 (111.000.000) 2025-01-12 12:40:16 Finished transferring input files
...
001 (111.000.000) 2025-01-12 12:40:17 Job executing on host: <172.31.17.139:9618?addrs=172.31.17.139-9618&alias=ip-172-31-17-139.ec2.internal&noUDP&sock=startd_912_2276>
	SlotName: slot1_2@ip-172-31-17-139.ec2.internal
	CondorScratchDir = "/var/lib/condor/execute/dir_2683"
	Cpus = 1
	Disk = 1049600
	GPUs = 0
	Memory = 512
...
006 (111.000.000) 2025-01-12 12:40:20 Image size of job updated: 96
	0  -  MemoryUsage of job (MB)
	0  -  ResidentSetSize of job (KB)
...
040 (111.000.000) 2025-01-12 12:40:20 Started transferring output files
...
040 (111.000.000) 2025-01-12 12:40:21 Finished transferring output files
...
005 (111.000.000) 2025-01-12 12:40:21 Job terminated.
	(1) Normal termination (return value 0)
		Usr 0 00:00:03, Sys 0 00:00:00  -  Run Remote Usage
		Usr 0 00:00:00, Sys 0 00:00:00  -  Run Local Usage
		Usr 0 00:00:03, Sys 0 00:00:00  -  Total Remote Usage
		Usr 0 00:00:00, Sys 0 00:00:00  -  Total Local Usage
	25532014  -  Run Bytes Sent By Job
	4780193  -  Run Bytes Received By Job
	25532014  -  Total Bytes Sent By Job
	4780193  -  Total Bytes Received By Job
	Partitionable Resources :    Usage  Request Allocated 
	   Cpus                 :        0        1         1 
	   Disk (KB)            :    29617  1048576   1049600 
	   GPUs                 :                           0 
	   Memory (MB)          :        0      512       512 
	   TimeExecute (s)      :        3                    
	   TimeSlotBusy (s)     :        5                    

	Job terminated of its own accord at 2025-01-12T12:40:20Z with exit-code 0.
...
000 (114.000.000) 2025-01-12 12:52:39 Job submitted from host: <172.31.42.11:9618?addrs=172.31.42.11-9618&alias=ip-172-31-42-11.ec2.internal&noUDP&sock=schedd_1050_ca88>
    DAG Node: PreprocessJob
...
040 (114.000.000) 2025-01-12 12:52:58 Started transferring input files
	Transferring to host: <172.31.17.139:9618?addrs=172.31.17.139-9618&alias=ip-172-31-17-139.ec2.internal&noUDP&sock=slot1_2_946_4ae0_52>
...
040 (114.000.000) 2025-01-12 12:52:58 Finished transferring input files
...
001 (114.000.000) 2025-01-12 12:52:59 Job executing on host: <172.31.17.139:9618?addrs=172.31.17.139-9618&alias=ip-172-31-17-139.ec2.internal&noUDP&sock=startd_912_2276>
	SlotName: slot1_2@ip-172-31-17-139.ec2.internal
	CondorScratchDir = "/var/lib/condor/execute/dir_2694"
	Cpus = 1
	Disk = 1049600
	GPUs = 0
	Memory = 512
...
006 (114.000.000) 2025-01-12 12:53:02 Image size of job updated: 40
	0  -  MemoryUsage of job (MB)
	0  -  ResidentSetSize of job (KB)
...
040 (114.000.000) 2025-01-12 12:53:02 Started transferring output files
...
040 (114.000.000) 2025-01-12 12:53:03 Finished transferring output files
...
005 (114.000.000) 2025-01-12 12:53:03 Job terminated.
	(1) Normal termination (return value 0)
		Usr 0 00:00:03, Sys 0 00:00:00  -  Run Remote Usage
		Usr 0 00:00:00, Sys 0 00:00:00  -  Run Local Usage
		Usr 0 00:00:03, Sys 0 00:00:00  -  Total Remote Usage
		Usr 0 00:00:00, Sys 0 00:00:00  -  Total Local Usage
	25532014  -  Run Bytes Sent By Job
	4780193  -  Run Bytes Received By Job
	25532014  -  Total Bytes Sent By Job
	4780193  -  Total Bytes Received By Job
	Partitionable Resources :    Usage  Request Allocated 
	   Cpus                 :        0        1         1 
	   Disk (KB)            :    29617  1048576   1049600 
	   GPUs                 :                           0 
	   Memory (MB)          :        0      512       512 
	   TimeExecute (s)      :        3                    
	   TimeSlotBusy (s)     :        5                    

	Job terminated of its own accord at 2025-01-12T12:53:02Z with exit-code 0.
...
000 (117.000.000) 2025-01-12 13:08:21 Job submitted from host: <172.31.42.11:9618?addrs=172.31.42.11-9618&alias=ip-172-31-42-11.ec2.internal&noUDP&sock=schedd_1048_6b57>
    DAG Node: PreprocessJob
...
000 (118.000.000) 2025-01-12 13:08:22 Job submitted from host: <172.31.42.11:9618?addrs=172.31.42.11-9618&alias=ip-172-31-42-11.ec2.internal&noUDP&sock=schedd_1048_6b57>
    DAG Node: EDAJob
...
040 (117.000.000) 2025-01-12 13:08:40 Started transferring input files
	Transferring to host: <172.31.17.139:9618?addrs=172.31.17.139-9618&alias=ip-172-31-17-139.ec2.internal&noUDP&sock=slot1_2_952_8520_4>
...
040 (117.000.000) 2025-01-12 13:08:40 Finished transferring input files
...
001 (117.000.000) 2025-01-12 13:08:41 Job executing on host: <172.31.17.139:9618?addrs=172.31.17.139-9618&alias=ip-172-31-17-139.ec2.internal&noUDP&sock=startd_918_4007>
	SlotName: slot1_2@ip-172-31-17-139.ec2.internal
	CondorScratchDir = "/var/lib/condor/execute/dir_995"
	Cpus = 1
	Disk = 1049600
	GPUs = 0
	Memory = 512
...
040 (118.000.000) 2025-01-12 13:08:42 Started transferring input files
	Transferring to host: <172.31.17.139:9618?addrs=172.31.17.139-9618&alias=ip-172-31-17-139.ec2.internal&noUDP&sock=slot1_1_952_8520_5>
...
040 (118.000.000) 2025-01-12 13:08:42 Finished transferring input files
...
001 (118.000.000) 2025-01-12 13:08:43 Job executing on host: <172.31.17.139:9618?addrs=172.31.17.139-9618&alias=ip-172-31-17-139.ec2.internal&noUDP&sock=startd_918_4007>
	SlotName: slot1_1@ip-172-31-17-139.ec2.internal
	CondorScratchDir = "/var/lib/condor/execute/dir_1001"
	Cpus = 1
	Disk = 1049600
	GPUs = 0
	Memory = 512
...
006 (117.000.000) 2025-01-12 13:08:47 Image size of job updated: 109712
	0  -  MemoryUsage of job (MB)
	0  -  ResidentSetSize of job (KB)
...
040 (117.000.000) 2025-01-12 13:08:47 Started transferring output files
...
040 (117.000.000) 2025-01-12 13:08:47 Finished transferring output files
...
005 (117.000.000) 2025-01-12 13:08:47 Job terminated.
	(1) Normal termination (return value 0)
		Usr 0 00:00:03, Sys 0 00:00:00  -  Run Remote Usage
		Usr 0 00:00:00, Sys 0 00:00:00  -  Run Local Usage
		Usr 0 00:00:03, Sys 0 00:00:00  -  Total Remote Usage
		Usr 0 00:00:00, Sys 0 00:00:00  -  Total Local Usage
	25532014  -  Run Bytes Sent By Job
	4780193  -  Run Bytes Received By Job
	25532014  -  Total Bytes Sent By Job
	4780193  -  Total Bytes Received By Job
	Partitionable Resources :    Usage  Request Allocated 
	   Cpus                 :        0        1         1 
	   Disk (KB)            :    29617  1048576   1049600 
	   GPUs                 :                           0 
	   Memory (MB)          :        0      512       512 
	   TimeExecute (s)      :        6                    
	   TimeSlotBusy (s)     :        7                    

	Job terminated of its own accord at 2025-01-12T13:08:47Z with exit-code 0.
...
006 (118.000.000) 2025-01-12 13:08:52 Image size of job updated: 278436
	272  -  MemoryUsage of job (MB)
	278436  -  ResidentSetSize of job (KB)
...
040 (118.000.000) 2025-01-12 13:10:17 Started transferring output files
...
040 (118.000.000) 2025-01-12 13:10:17 Finished transferring output files
...
005 (118.000.000) 2025-01-12 13:10:17 Job terminated.
	(1) Normal termination (return value 0)
		Usr 0 00:01:32, Sys 0 00:00:00  -  Run Remote Usage
		Usr 0 00:00:00, Sys 0 00:00:00  -  Run Local Usage
		Usr 0 00:01:32, Sys 0 00:00:00  -  Total Remote Usage
		Usr 0 00:00:00, Sys 0 00:00:00  -  Total Local Usage
	7289970  -  Run Bytes Sent By Job
	11631082  -  Run Bytes Received By Job
	7289970  -  Total Bytes Sent By Job
	11631082  -  Total Bytes Received By Job
	Partitionable Resources :    Usage  Request Allocated 
	   Cpus                 :     1.00        1         1 
	   Disk (KB)            : 18493     1048576   1049600 
	   GPUs                 :                           0 
	   Memory (MB)          :   272         512       512 
	   TimeExecute (s)      :    94                       
	   TimeSlotBusy (s)     :    95                       

	Job terminated of its own accord at 2025-01-12T13:10:17Z with exit-code 0.
...
000 (121.000.000) 2025-01-12 13:16:25 Job submitted from host: <172.31.42.11:9618?addrs=172.31.42.11-9618&alias=ip-172-31-42-11.ec2.internal&noUDP&sock=schedd_1048_6b57>
    DAG Node: PreprocessJob
...
040 (121.000.000) 2025-01-12 13:16:44 Started transferring input files
	Transferring to host: <172.31.17.139:9618?addrs=172.31.17.139-9618&alias=ip-172-31-17-139.ec2.internal&noUDP&sock=slot1_2_952_8520_7>
...
040 (121.000.000) 2025-01-12 13:16:45 Finished transferring input files
...
001 (121.000.000) 2025-01-12 13:16:46 Job executing on host: <172.31.17.139:9618?addrs=172.31.17.139-9618&alias=ip-172-31-17-139.ec2.internal&noUDP&sock=startd_918_4007>
	SlotName: slot1_2@ip-172-31-17-139.ec2.internal
	CondorScratchDir = "/var/lib/condor/execute/dir_1056"
	Cpus = 1
	Disk = 1049600
	GPUs = 0
	Memory = 512
...
006 (121.000.000) 2025-01-12 13:16:49 Image size of job updated: 56
	0  -  MemoryUsage of job (MB)
	0  -  ResidentSetSize of job (KB)
...
040 (121.000.000) 2025-01-12 13:16:49 Started transferring output files
...
040 (121.000.000) 2025-01-12 13:16:49 Finished transferring output files
...
005 (121.000.000) 2025-01-12 13:16:49 Job terminated.
	(1) Normal termination (return value 0)
		Usr 0 00:00:03, Sys 0 00:00:00  -  Run Remote Usage
		Usr 0 00:00:00, Sys 0 00:00:00  -  Run Local Usage
		Usr 0 00:00:03, Sys 0 00:00:00  -  Total Remote Usage
		Usr 0 00:00:00, Sys 0 00:00:00  -  Total Local Usage
	25532014  -  Run Bytes Sent By Job
	4780193  -  Run Bytes Received By Job
	25532014  -  Total Bytes Sent By Job
	4780193  -  Total Bytes Received By Job
	Partitionable Resources :    Usage  Request Allocated 
	   Cpus                 :        0        1         1 
	   Disk (KB)            :    29617  1048576   1049600 
	   GPUs                 :                           0 
	   Memory (MB)          :        0      512       512 
	   TimeExecute (s)      :        3                    
	   TimeSlotBusy (s)     :        5                    

	Job terminated of its own accord at 2025-01-12T13:16:49Z with exit-code 0.
...
000 (125.000.000) 2025-01-12 13:32:55 Job submitted from host: <172.31.42.11:9618?addrs=172.31.42.11-9618&alias=ip-172-31-42-11.ec2.internal&noUDP&sock=schedd_1048_6b57>
    DAG Node: PreprocessJob
...
040 (125.000.000) 2025-01-12 13:32:55 Started transferring input files
	Transferring to host: <172.31.17.139:9618?addrs=172.31.17.139-9618&alias=ip-172-31-17-139.ec2.internal&noUDP&sock=slot1_1_952_8520_10>
...
040 (125.000.000) 2025-01-12 13:32:55 Finished transferring input files
...
001 (125.000.000) 2025-01-12 13:32:56 Job executing on host: <172.31.17.139:9618?addrs=172.31.17.139-9618&alias=ip-172-31-17-139.ec2.internal&noUDP&sock=startd_918_4007>
	SlotName: slot1_1@ip-172-31-17-139.ec2.internal
	CondorScratchDir = "/var/lib/condor/execute/dir_1088"
	Cpus = 1
	Disk = 1049600
	GPUs = 0
	Memory = 512
...
006 (125.000.000) 2025-01-12 13:32:59 Image size of job updated: 44
	0  -  MemoryUsage of job (MB)
	0  -  ResidentSetSize of job (KB)
...
040 (125.000.000) 2025-01-12 13:32:59 Started transferring output files
...
040 (125.000.000) 2025-01-12 13:33:00 Finished transferring output files
...
005 (125.000.000) 2025-01-12 13:33:00 Job terminated.
	(1) Normal termination (return value 0)
		Usr 0 00:00:03, Sys 0 00:00:00  -  Run Remote Usage
		Usr 0 00:00:00, Sys 0 00:00:00  -  Run Local Usage
		Usr 0 00:00:03, Sys 0 00:00:00  -  Total Remote Usage
		Usr 0 00:00:00, Sys 0 00:00:00  -  Total Local Usage
	25532014  -  Run Bytes Sent By Job
	4780193  -  Run Bytes Received By Job
	25532014  -  Total Bytes Sent By Job
	4780193  -  Total Bytes Received By Job
	Partitionable Resources :    Usage  Request Allocated 
	   Cpus                 :        0        1         1 
	   Disk (KB)            :    29618  1048576   1049600 
	   GPUs                 :                           0 
	   Memory (MB)          :        0      512       512 
	   TimeExecute (s)      :        3                    
	   TimeSlotBusy (s)     :        5                    

	Job terminated of its own accord at 2025-01-12T13:32:59Z with exit-code 0.
...
000 (129.000.000) 2025-01-12 13:37:35 Job submitted from host: <172.31.42.11:9618?addrs=172.31.42.11-9618&alias=ip-172-31-42-11.ec2.internal&noUDP&sock=schedd_1048_6b57>
    DAG Node: PreprocessJob
...
040 (129.000.000) 2025-01-12 13:37:35 Started transferring input files
	Transferring to host: <172.31.17.139:9618?addrs=172.31.17.139-9618&alias=ip-172-31-17-139.ec2.internal&noUDP&sock=slot1_1_952_8520_13>
...
040 (129.000.000) 2025-01-12 13:37:35 Finished transferring input files
...
001 (129.000.000) 2025-01-12 13:37:36 Job executing on host: <172.31.17.139:9618?addrs=172.31.17.139-9618&alias=ip-172-31-17-139.ec2.internal&noUDP&sock=startd_918_4007>
	SlotName: slot1_1@ip-172-31-17-139.ec2.internal
	CondorScratchDir = "/var/lib/condor/execute/dir_1108"
	Cpus = 1
	Disk = 1049600
	GPUs = 0
	Memory = 512
...
006 (129.000.000) 2025-01-12 13:37:40 Image size of job updated: 76
	0  -  MemoryUsage of job (MB)
	0  -  ResidentSetSize of job (KB)
...
040 (129.000.000) 2025-01-12 13:37:40 Started transferring output files
...
040 (129.000.000) 2025-01-12 13:37:40 Finished transferring output files
...
005 (129.000.000) 2025-01-12 13:37:40 Job terminated.
	(1) Normal termination (return value 0)
		Usr 0 00:00:03, Sys 0 00:00:00  -  Run Remote Usage
		Usr 0 00:00:00, Sys 0 00:00:00  -  Run Local Usage
		Usr 0 00:00:03, Sys 0 00:00:00  -  Total Remote Usage
		Usr 0 00:00:00, Sys 0 00:00:00  -  Total Local Usage
	25532014  -  Run Bytes Sent By Job
	4780193  -  Run Bytes Received By Job
	25532014  -  Total Bytes Sent By Job
	4780193  -  Total Bytes Received By Job
	Partitionable Resources :    Usage  Request Allocated 
	   Cpus                 :        0        1         1 
	   Disk (KB)            :    29618  1048576   1049600 
	   GPUs                 :                           0 
	   Memory (MB)          :        0      512       512 
	   TimeExecute (s)      :        4                    
	   TimeSlotBusy (s)     :        5                    

	Job terminated of its own accord at 2025-01-12T13:37:40Z with exit-code 0.
...
000 (134.000.000) 2025-01-12 13:49:21 Job submitted from host: <172.31.42.11:9618?addrs=172.31.42.11-9618&alias=ip-172-31-42-11.ec2.internal&noUDP&sock=schedd_1048_6b57>
    DAG Node: PreprocessJob
...
040 (134.000.000) 2025-01-12 13:49:21 Started transferring input files
	Transferring to host: <172.31.17.139:9618?addrs=172.31.17.139-9618&alias=ip-172-31-17-139.ec2.internal&noUDP&sock=slot1_1_952_8520_17>
...
040 (134.000.000) 2025-01-12 13:49:21 Finished transferring input files
...
001 (134.000.000) 2025-01-12 13:49:22 Job executing on host: <172.31.17.139:9618?addrs=172.31.17.139-9618&alias=ip-172-31-17-139.ec2.internal&noUDP&sock=startd_918_4007>
	SlotName: slot1_1@ip-172-31-17-139.ec2.internal
	CondorScratchDir = "/var/lib/condor/execute/dir_1128"
	Cpus = 1
	Disk = 1049600
	GPUs = 0
	Memory = 512
...
006 (134.000.000) 2025-01-12 13:49:25 Image size of job updated: 92
	0  -  MemoryUsage of job (MB)
	0  -  ResidentSetSize of job (KB)
...
040 (134.000.000) 2025-01-12 13:49:25 Started transferring output files
...
040 (134.000.000) 2025-01-12 13:49:25 Finished transferring output files
...
005 (134.000.000) 2025-01-12 13:49:25 Job terminated.
	(1) Normal termination (return value 0)
		Usr 0 00:00:03, Sys 0 00:00:00  -  Run Remote Usage
		Usr 0 00:00:00, Sys 0 00:00:00  -  Run Local Usage
		Usr 0 00:00:03, Sys 0 00:00:00  -  Total Remote Usage
		Usr 0 00:00:00, Sys 0 00:00:00  -  Total Local Usage
	25532014  -  Run Bytes Sent By Job
	4780193  -  Run Bytes Received By Job
	25532014  -  Total Bytes Sent By Job
	4780193  -  Total Bytes Received By Job
	Partitionable Resources :    Usage  Request Allocated 
	   Cpus                 :        0        1         1 
	   Disk (KB)            :    29618  1048576   1049600 
	   GPUs                 :                           0 
	   Memory (MB)          :        0      512       512 
	   TimeExecute (s)      :        3                    
	   TimeSlotBusy (s)     :        4                    

	Job terminated of its own accord at 2025-01-12T13:49:25Z with exit-code 0.
...
000 (139.000.000) 2025-01-12 13:53:16 Job submitted from host: <172.31.42.11:9618?addrs=172.31.42.11-9618&alias=ip-172-31-42-11.ec2.internal&noUDP&sock=schedd_1048_6b57>
    DAG Node: PreprocessJob
...
040 (139.000.000) 2025-01-12 13:53:16 Started transferring input files
	Transferring to host: <172.31.17.139:9618?addrs=172.31.17.139-9618&alias=ip-172-31-17-139.ec2.internal&noUDP&sock=slot1_1_952_8520_21>
...
040 (139.000.000) 2025-01-12 13:53:16 Finished transferring input files
...
001 (139.000.000) 2025-01-12 13:53:17 Job executing on host: <172.31.17.139:9618?addrs=172.31.17.139-9618&alias=ip-172-31-17-139.ec2.internal&noUDP&sock=startd_918_4007>
	SlotName: slot1_1@ip-172-31-17-139.ec2.internal
	CondorScratchDir = "/var/lib/condor/execute/dir_1149"
	Cpus = 1
	Disk = 1049600
	GPUs = 0
	Memory = 512
...
006 (139.000.000) 2025-01-12 13:53:21 Image size of job updated: 48
	0  -  MemoryUsage of job (MB)
	0  -  ResidentSetSize of job (KB)
...
040 (139.000.000) 2025-01-12 13:53:21 Started transferring output files
...
040 (139.000.000) 2025-01-12 13:53:21 Finished transferring output files
...
005 (139.000.000) 2025-01-12 13:53:21 Job terminated.
	(1) Normal termination (return value 0)
		Usr 0 00:00:03, Sys 0 00:00:00  -  Run Remote Usage
		Usr 0 00:00:00, Sys 0 00:00:00  -  Run Local Usage
		Usr 0 00:00:03, Sys 0 00:00:00  -  Total Remote Usage
		Usr 0 00:00:00, Sys 0 00:00:00  -  Total Local Usage
	25532014  -  Run Bytes Sent By Job
	4780193  -  Run Bytes Received By Job
	25532014  -  Total Bytes Sent By Job
	4780193  -  Total Bytes Received By Job
	Partitionable Resources :    Usage  Request Allocated 
	   Cpus                 :        0        1         1 
	   Disk (KB)            :    29618  1048576   1049600 
	   GPUs                 :                           0 
	   Memory (MB)          :        0      512       512 
	   TimeExecute (s)      :        4                    
	   TimeSlotBusy (s)     :        5                    

	Job terminated of its own accord at 2025-01-12T13:53:21Z with exit-code 0.
...
000 (144.000.000) 2025-01-12 14:09:59 Job submitted from host: <172.31.42.11:9618?addrs=172.31.42.11-9618&alias=ip-172-31-42-11.ec2.internal&noUDP&sock=schedd_1048_6b57>
    DAG Node: PreprocessJob
...
040 (144.000.000) 2025-01-12 14:09:59 Started transferring input files
	Transferring to host: <172.31.17.139:9618?addrs=172.31.17.139-9618&alias=ip-172-31-17-139.ec2.internal&noUDP&sock=slot1_1_952_8520_25>
...
040 (144.000.000) 2025-01-12 14:09:59 Finished transferring input files
...
001 (144.000.000) 2025-01-12 14:10:00 Job executing on host: <172.31.17.139:9618?addrs=172.31.17.139-9618&alias=ip-172-31-17-139.ec2.internal&noUDP&sock=startd_918_4007>
	SlotName: slot1_1@ip-172-31-17-139.ec2.internal
	CondorScratchDir = "/var/lib/condor/execute/dir_1172"
	Cpus = 1
	Disk = 1049600
	GPUs = 0
	Memory = 512
...
006 (144.000.000) 2025-01-12 14:10:03 Image size of job updated: 4
	0  -  MemoryUsage of job (MB)
	0  -  ResidentSetSize of job (KB)
...
040 (144.000.000) 2025-01-12 14:10:03 Started transferring output files
...
040 (144.000.000) 2025-01-12 14:10:04 Finished transferring output files
...
005 (144.000.000) 2025-01-12 14:10:04 Job terminated.
	(1) Normal termination (return value 0)
		Usr 0 00:00:03, Sys 0 00:00:00  -  Run Remote Usage
		Usr 0 00:00:00, Sys 0 00:00:00  -  Run Local Usage
		Usr 0 00:00:03, Sys 0 00:00:00  -  Total Remote Usage
		Usr 0 00:00:00, Sys 0 00:00:00  -  Total Local Usage
	25532014  -  Run Bytes Sent By Job
	4780193  -  Run Bytes Received By Job
	25532014  -  Total Bytes Sent By Job
	4780193  -  Total Bytes Received By Job
	Partitionable Resources :    Usage  Request Allocated 
	   Cpus                 :        0        1         1 
	   Disk (KB)            :    29618  1048576   1049600 
	   GPUs                 :                           0 
	   Memory (MB)          :        0      512       512 
	   TimeExecute (s)      :        3                    
	   TimeSlotBusy (s)     :        5                    

	Job terminated of its own accord at 2025-01-12T14:10:03Z with exit-code 0.
...
000 (150.000.000) 2025-01-12 14:23:17 Job submitted from host: <172.31.42.11:9618?addrs=172.31.42.11-9618&alias=ip-172-31-42-11.ec2.internal&noUDP&sock=schedd_1048_6b57>
    DAG Node: PreprocessJob
...
040 (150.000.000) 2025-01-12 14:23:18 Started transferring input files
	Transferring to host: <172.31.17.139:9618?addrs=172.31.17.139-9618&alias=ip-172-31-17-139.ec2.internal&noUDP&sock=slot1_1_952_8520_30>
...
040 (150.000.000) 2025-01-12 14:23:18 Finished transferring input files
...
001 (150.000.000) 2025-01-12 14:23:19 Job executing on host: <172.31.17.139:9618?addrs=172.31.17.139-9618&alias=ip-172-31-17-139.ec2.internal&noUDP&sock=startd_918_4007>
	SlotName: slot1_1@ip-172-31-17-139.ec2.internal
	CondorScratchDir = "/var/lib/condor/execute/dir_1207"
	Cpus = 1
	Disk = 1049600
	GPUs = 0
	Memory = 512
...
006 (150.000.000) 2025-01-12 14:23:22 Image size of job updated: 44
	0  -  MemoryUsage of job (MB)
	0  -  ResidentSetSize of job (KB)
...
040 (150.000.000) 2025-01-12 14:23:22 Started transferring output files
...
040 (150.000.000) 2025-01-12 14:23:22 Finished transferring output files
...
005 (150.000.000) 2025-01-12 14:23:22 Job terminated.
	(1) Normal termination (return value 0)
		Usr 0 00:00:03, Sys 0 00:00:00  -  Run Remote Usage
		Usr 0 00:00:00, Sys 0 00:00:00  -  Run Local Usage
		Usr 0 00:00:03, Sys 0 00:00:00  -  Total Remote Usage
		Usr 0 00:00:00, Sys 0 00:00:00  -  Total Local Usage
	25532014  -  Run Bytes Sent By Job
	4780193  -  Run Bytes Received By Job
	25532014  -  Total Bytes Sent By Job
	4780193  -  Total Bytes Received By Job
	Partitionable Resources :    Usage  Request Allocated 
	   Cpus                 :        0        1         1 
	   Disk (KB)            :    29618  1048576   1049600 
	   GPUs                 :                           0 
	   Memory (MB)          :        0      512       512 
	   TimeExecute (s)      :        3                    
	   TimeSlotBusy (s)     :        4                    

	Job terminated of its own accord at 2025-01-12T14:23:22Z with exit-code 0.
...
000 (158.000.000) 2025-01-12 15:37:17 Job submitted from host: <172.31.42.11:9618?addrs=172.31.42.11-9618&alias=ip-172-31-42-11.ec2.internal&noUDP&sock=schedd_1048_6b57>
    DAG Node: PreprocessJob
...
040 (158.000.000) 2025-01-12 15:37:17 Started transferring input files
	Transferring to host: <172.31.17.139:9618?addrs=172.31.17.139-9618&alias=ip-172-31-17-139.ec2.internal&noUDP&sock=slot1_1_952_8520_37>
...
040 (158.000.000) 2025-01-12 15:37:17 Finished transferring input files
...
001 (158.000.000) 2025-01-12 15:37:18 Job executing on host: <172.31.17.139:9618?addrs=172.31.17.139-9618&alias=ip-172-31-17-139.ec2.internal&noUDP&sock=startd_918_4007>
	SlotName: slot1_1@ip-172-31-17-139.ec2.internal
	CondorScratchDir = "/var/lib/condor/execute/dir_1253"
	Cpus = 1
	Disk = 1049600
	GPUs = 0
	Memory = 512
...
006 (158.000.000) 2025-01-12 15:37:21 Image size of job updated: 72
	0  -  MemoryUsage of job (MB)
	0  -  ResidentSetSize of job (KB)
...
040 (158.000.000) 2025-01-12 15:37:21 Started transferring output files
...
040 (158.000.000) 2025-01-12 15:37:21 Finished transferring output files
...
005 (158.000.000) 2025-01-12 15:37:21 Job terminated.
	(1) Normal termination (return value 0)
		Usr 0 00:00:03, Sys 0 00:00:00  -  Run Remote Usage
		Usr 0 00:00:00, Sys 0 00:00:00  -  Run Local Usage
		Usr 0 00:00:03, Sys 0 00:00:00  -  Total Remote Usage
		Usr 0 00:00:00, Sys 0 00:00:00  -  Total Local Usage
	25532014  -  Run Bytes Sent By Job
	4780193  -  Run Bytes Received By Job
	25532014  -  Total Bytes Sent By Job
	4780193  -  Total Bytes Received By Job
	Partitionable Resources :    Usage  Request Allocated 
	   Cpus                 :        0        1         1 
	   Disk (KB)            :    29618  1048576   1049600 
	   GPUs                 :                           0 
	   Memory (MB)          :        0      512       512 
	   TimeExecute (s)      :        3                    
	   TimeSlotBusy (s)     :        4                    

	Job terminated of its own accord at 2025-01-12T15:37:21Z with exit-code 0.
...
000 (166.000.000) 2025-01-12 15:58:33 Job submitted from host: <172.31.42.11:9618?addrs=172.31.42.11-9618&alias=ip-172-31-42-11.ec2.internal&noUDP&sock=schedd_1048_6b57>
    DAG Node: PreprocessJob
...
040 (166.000.000) 2025-01-12 15:58:33 Started transferring input files
	Transferring to host: <172.31.17.139:9618?addrs=172.31.17.139-9618&alias=ip-172-31-17-139.ec2.internal&noUDP&sock=slot1_1_952_8520_44>
...
040 (166.000.000) 2025-01-12 15:58:34 Finished transferring input files
...
001 (166.000.000) 2025-01-12 15:58:35 Job executing on host: <172.31.17.139:9618?addrs=172.31.17.139-9618&alias=ip-172-31-17-139.ec2.internal&noUDP&sock=startd_918_4007>
	SlotName: slot1_1@ip-172-31-17-139.ec2.internal
	CondorScratchDir = "/var/lib/condor/execute/dir_1295"
	Cpus = 1
	Disk = 1049600
	GPUs = 0
	Memory = 512
...
006 (166.000.000) 2025-01-12 15:58:38 Image size of job updated: 32
	0  -  MemoryUsage of job (MB)
	0  -  ResidentSetSize of job (KB)
...
040 (166.000.000) 2025-01-12 15:58:38 Started transferring output files
...
040 (166.000.000) 2025-01-12 15:58:38 Finished transferring output files
...
005 (166.000.000) 2025-01-12 15:58:38 Job terminated.
	(1) Normal termination (return value 0)
		Usr 0 00:00:03, Sys 0 00:00:00  -  Run Remote Usage
		Usr 0 00:00:00, Sys 0 00:00:00  -  Run Local Usage
		Usr 0 00:00:03, Sys 0 00:00:00  -  Total Remote Usage
		Usr 0 00:00:00, Sys 0 00:00:00  -  Total Local Usage
	25532014  -  Run Bytes Sent By Job
	4780193  -  Run Bytes Received By Job
	25532014  -  Total Bytes Sent By Job
	4780193  -  Total Bytes Received By Job
	Partitionable Resources :    Usage  Request Allocated 
	   Cpus                 :        0        1         1 
	   Disk (KB)            :    29618  1048576   1049600 
	   GPUs                 :                           0 
	   Memory (MB)          :        0      512       512 
	   TimeExecute (s)      :        3                    
	   TimeSlotBusy (s)     :        5                    

	Job terminated of its own accord at 2025-01-12T15:58:38Z with exit-code 0.
...
000 (174.000.000) 2025-01-12 16:30:05 Job submitted from host: <172.31.42.11:9618?addrs=172.31.42.11-9618&alias=ip-172-31-42-11.ec2.internal&noUDP&sock=schedd_1048_6b57>
    DAG Node: PreprocessJob
...
040 (174.000.000) 2025-01-12 16:30:05 Started transferring input files
	Transferring to host: <172.31.17.139:9618?addrs=172.31.17.139-9618&alias=ip-172-31-17-139.ec2.internal&noUDP&sock=slot1_1_952_8520_51>
...
040 (174.000.000) 2025-01-12 16:30:05 Finished transferring input files
...
001 (174.000.000) 2025-01-12 16:30:06 Job executing on host: <172.31.17.139:9618?addrs=172.31.17.139-9618&alias=ip-172-31-17-139.ec2.internal&noUDP&sock=startd_918_4007>
	SlotName: slot1_1@ip-172-31-17-139.ec2.internal
	CondorScratchDir = "/var/lib/condor/execute/dir_1341"
	Cpus = 1
	Disk = 1049600
	GPUs = 0
	Memory = 512
...
006 (174.000.000) 2025-01-12 16:30:10 Image size of job updated: 52
	0  -  MemoryUsage of job (MB)
	0  -  ResidentSetSize of job (KB)
...
040 (174.000.000) 2025-01-12 16:30:10 Started transferring output files
...
040 (174.000.000) 2025-01-12 16:30:10 Finished transferring output files
...
005 (174.000.000) 2025-01-12 16:30:10 Job terminated.
	(1) Normal termination (return value 0)
		Usr 0 00:00:03, Sys 0 00:00:00  -  Run Remote Usage
		Usr 0 00:00:00, Sys 0 00:00:00  -  Run Local Usage
		Usr 0 00:00:03, Sys 0 00:00:00  -  Total Remote Usage
		Usr 0 00:00:00, Sys 0 00:00:00  -  Total Local Usage
	25532014  -  Run Bytes Sent By Job
	4780193  -  Run Bytes Received By Job
	25532014  -  Total Bytes Sent By Job
	4780193  -  Total Bytes Received By Job
	Partitionable Resources :    Usage  Request Allocated 
	   Cpus                 :        0        1         1 
	   Disk (KB)            :    29618  1048576   1049600 
	   GPUs                 :                           0 
	   Memory (MB)          :        0      512       512 
	   TimeExecute (s)      :        4                    
	   TimeSlotBusy (s)     :        5                    

	Job terminated of its own accord at 2025-01-12T16:30:10Z with exit-code 0.
...
000 (180.000.000) 2025-01-12 16:44:03 Job submitted from host: <172.31.42.11:9618?addrs=172.31.42.11-9618&alias=ip-172-31-42-11.ec2.internal&noUDP&sock=schedd_1048_6b57>
    DAG Node: PreprocessJob
...
040 (180.000.000) 2025-01-12 16:44:03 Started transferring input files
	Transferring to host: <172.31.17.139:9618?addrs=172.31.17.139-9618&alias=ip-172-31-17-139.ec2.internal&noUDP&sock=slot1_1_952_8520_56>
...
040 (180.000.000) 2025-01-12 16:44:03 Finished transferring input files
...
001 (180.000.000) 2025-01-12 16:44:04 Job executing on host: <172.31.17.139:9618?addrs=172.31.17.139-9618&alias=ip-172-31-17-139.ec2.internal&noUDP&sock=startd_918_4007>
	SlotName: slot1_1@ip-172-31-17-139.ec2.internal
	CondorScratchDir = "/var/lib/condor/execute/dir_1371"
	Cpus = 1
	Disk = 1049600
	GPUs = 0
	Memory = 512
...
006 (180.000.000) 2025-01-12 16:44:07 Image size of job updated: 32
	0  -  MemoryUsage of job (MB)
	0  -  ResidentSetSize of job (KB)
...
040 (180.000.000) 2025-01-12 16:44:07 Started transferring output files
...
040 (180.000.000) 2025-01-12 16:44:08 Finished transferring output files
...
005 (180.000.000) 2025-01-12 16:44:08 Job terminated.
	(1) Normal termination (return value 0)
		Usr 0 00:00:03, Sys 0 00:00:00  -  Run Remote Usage
		Usr 0 00:00:00, Sys 0 00:00:00  -  Run Local Usage
		Usr 0 00:00:03, Sys 0 00:00:00  -  Total Remote Usage
		Usr 0 00:00:00, Sys 0 00:00:00  -  Total Local Usage
	25532014  -  Run Bytes Sent By Job
	4780193  -  Run Bytes Received By Job
	25532014  -  Total Bytes Sent By Job
	4780193  -  Total Bytes Received By Job
	Partitionable Resources :    Usage  Request Allocated 
	   Cpus                 :        0        1         1 
	   Disk (KB)            :    29618  1048576   1049600 
	   GPUs                 :                           0 
	   Memory (MB)          :        0      512       512 
	   TimeExecute (s)      :        3                    
	   TimeSlotBusy (s)     :        5                    

	Job terminated of its own accord at 2025-01-12T16:44:07Z with exit-code 0.
...
000 (189.000.000) 2025-01-13 00:47:59 Job submitted from host: <172.31.42.11:9618?addrs=172.31.42.11-9618&alias=ip-172-31-42-11.ec2.internal&noUDP&sock=schedd_1068_233c>
    DAG Node: PreprocessJob
...
040 (189.000.000) 2025-01-13 00:47:59 Started transferring input files
	Transferring to host: <172.31.17.139:9618?addrs=172.31.17.139-9618&alias=ip-172-31-17-139.ec2.internal&noUDP&sock=slot1_1_955_a240_4>
...
040 (189.000.000) 2025-01-13 00:47:59 Finished transferring input files
...
001 (189.000.000) 2025-01-13 00:48:00 Job executing on host: <172.31.17.139:9618?addrs=172.31.17.139-9618&alias=ip-172-31-17-139.ec2.internal&noUDP&sock=startd_921_4ed0>
	SlotName: slot1_1@ip-172-31-17-139.ec2.internal
	CondorScratchDir = "/var/lib/condor/execute/dir_1001"
	Cpus = 1
	Disk = 1049600
	GPUs = 0
	Memory = 512
...
006 (189.000.000) 2025-01-13 00:48:05 Image size of job updated: 107960
	0  -  MemoryUsage of job (MB)
	0  -  ResidentSetSize of job (KB)
...
040 (189.000.000) 2025-01-13 00:48:05 Started transferring output files
...
040 (189.000.000) 2025-01-13 00:48:06 Finished transferring output files
...
005 (189.000.000) 2025-01-13 00:48:06 Job terminated.
	(1) Normal termination (return value 0)
		Usr 0 00:00:03, Sys 0 00:00:00  -  Run Remote Usage
		Usr 0 00:00:00, Sys 0 00:00:00  -  Run Local Usage
		Usr 0 00:00:03, Sys 0 00:00:00  -  Total Remote Usage
		Usr 0 00:00:00, Sys 0 00:00:00  -  Total Local Usage
	25532014  -  Run Bytes Sent By Job
	4780193  -  Run Bytes Received By Job
	25532014  -  Total Bytes Sent By Job
	4780193  -  Total Bytes Received By Job
	Partitionable Resources :    Usage  Request Allocated 
	   Cpus                 :        0        1         1 
	   Disk (KB)            :    29618  1048576   1049600 
	   GPUs                 :                           0 
	   Memory (MB)          :        0      512       512 
	   TimeExecute (s)      :        5                    
	   TimeSlotBusy (s)     :        7                    

	Job terminated of its own accord at 2025-01-13T00:48:05Z with exit-code 0.
...
