────────────────────────────────────────────────────────────────────────────────────────────────────────────────────────
                                               EXPLORATORY DATA ANALYSIS                                                
────────────────────────────────────────────────────────────────────────────────────────────────────────────────────────

First 5 rows of the dataset:

         Date  Location  Temperature  ...  Cloud Cover     Pressure  Rain Tomorrow
0  2024-01-01  New York    87.524795  ...    69.617966  1026.030278              0
1  2024-01-02  New York    83.259325  ...    41.606048   995.962065              0
2  2024-01-03  New York    80.943050  ...    77.364763   980.796739              1
3  2024-01-04  New York    78.097552  ...    52.541196   979.012163              0
4  2024-01-05  New York    37.059963  ...    85.584000  1031.790859              0

[5 rows x 9 columns] 

------------------------------------------------------------------------------------------------------------------------ 

Dataset Information:

<class 'pandas.core.frame.DataFrame'>
RangeIndex: 73100 entries, 0 to 73099
Data columns (total 9 columns):
 #   Column         Non-Null Count  Dtype  
---  ------         --------------  -----  
 0   Date           73100 non-null  object 
 1   Location       73100 non-null  object 
 2   Temperature    73100 non-null  float64
 3   Humidity       73100 non-null  float64
 4   Wind Speed     73100 non-null  float64
 5   Precipitation  73100 non-null  float64
 6   Cloud Cover    73100 non-null  float64
 7   Pressure       73100 non-null  float64
 8   Rain Tomorrow  73100 non-null  int64  
dtypes: float64(6), int64(1), object(2)
memory usage: 5.0+ MB
None 

------------------------------------------------------------------------------------------------------------------------ 

Missing values in each column:

Date             0
Location         0
Temperature      0
Humidity         0
Wind Speed       0
Precipitation    0
Cloud Cover      0
Pressure         0
Rain Tomorrow    0
dtype: int64 

------------------------------------------------------------------------------------------------------------------------ 

... Saved countplot as 'EDA_distribution_rain_tomorrow.png'

------------------------------------------------------------------------------------------------------------------------ 

... Saved pairplot as 'EDA_pairplot_features.png'

------------------------------------------------------------------------------------------------------------------------ 

... Saved heatmap as 'EDA_correlation_heatmap.png'

Data exploration is complete.

────────────────────────────────────────────────────────────────────────────────────────────────────────────────────────
                                                   DATA PREPROCESSING                                                   
────────────────────────────────────────────────────────────────────────────────────────────────────────────────────────

Data preprocessing is complete.

... Saved preprocessed dataset as 'preprocessed_dataset.csv'

First 5 rows of the preprocessed dataset:

        Date  Location  Temperature  ...  Year  Month  Day
0 2024-01-01  New York     1.105756  ...  2024      1    1
1 2024-01-02  New York     0.894653  ...  2024      1    2
2 2024-01-03  New York     0.780018  ...  2024      1    3
3 2024-01-04  New York     0.639191  ...  2024      1    4
4 2024-01-05  New York    -1.391804  ...  2024      1    5

[5 rows x 14 columns] 

------------------------------------------------------------------------------------------------------------------------ 

Original Class Distribution:

Rain Tomorrow
0    56988
1    16112
Name: count, dtype: int64 

------------------------------------------------------------------------------------------------------------------------ 

New Class Distribution after Oversampling:

Rain Tomorrow
0    56988
1    56988
Name: count, dtype: int64 

────────────────────────────────────────────────────────────────────────────────────────────────────────────────────────
                                             MODEL TRAINING AND EVALUATION                                              
────────────────────────────────────────────────────────────────────────────────────────────────────────────────────────

[1mLogistic Regression[0m Cross-Validation Results:

Cross-Validation Accuracy: 0.8650 ± 0.0050

Logistic Regression Test Set Results:

              precision    recall  f1-score   support

           0       0.87      0.85      0.86     11441
           1       0.86      0.87      0.86     11355

    accuracy                           0.86     22796
   macro avg       0.86      0.86      0.86     22796
weighted avg       0.86      0.86      0.86     22796

F1-Score: 0.8631
ROC-AUC: 0.9484


... Saved Logistic Regression confusion matrix as 'Logistic_Regression_confusion_matrix.png'

... Saved Logistic Regression ROC curve as 'Logistic_Regression_roc_curve.png'

------------------------------------------------------------------------------------------------------------------------ 


[1mRandom Forest[0m Cross-Validation Results:

Cross-Validation Accuracy: 1.0000 ± 0.0000

Random Forest Test Set Results:

              precision    recall  f1-score   support

           0       1.00      1.00      1.00     11441
           1       1.00      1.00      1.00     11355

    accuracy                           1.00     22796
   macro avg       1.00      1.00      1.00     22796
weighted avg       1.00      1.00      1.00     22796

F1-Score: 1.0000
ROC-AUC: 1.0000


... Saved Random Forest confusion matrix as 'Random_Forest_confusion_matrix.png'

... Saved Random Forest ROC curve as 'Random_Forest_roc_curve.png'

------------------------------------------------------------------------------------------------------------------------ 


[1mGradient Boosting[0m Cross-Validation Results:

Cross-Validation Accuracy: 1.0000 ± 0.0000

Gradient Boosting Test Set Results:

              precision    recall  f1-score   support

           0       1.00      1.00      1.00     11441
           1       1.00      1.00      1.00     11355

    accuracy                           1.00     22796
   macro avg       1.00      1.00      1.00     22796
weighted avg       1.00      1.00      1.00     22796

F1-Score: 1.0000
ROC-AUC: 1.0000


... Saved Gradient Boosting confusion matrix as 'Gradient_Boosting_confusion_matrix.png'

... Saved Gradient Boosting ROC curve as 'Gradient_Boosting_roc_curve.png'

------------------------------------------------------------------------------------------------------------------------ 

Model Performance Summary:

Logistic Regression: 0.8623
Random Forest: 1.0000
Gradient Boosting: 1.0000

Model training and evaluation is complete.

------------------------------------------------------------------------------------------------------------------------
