000 (154.000.000) 2025-01-12 14:23:38 Job submitted from host: <172.31.42.11:9618?addrs=172.31.42.11-9618&alias=ip-172-31-42-11.ec2.internal&noUDP&sock=schedd_1048_6b57>
    DAG Node: TrainRF
...
040 (154.000.000) 2025-01-12 14:24:01 Started transferring input files
	Transferring to host: <172.31.17.139:9618?addrs=172.31.17.139-9618&alias=ip-172-31-17-139.ec2.internal&noUDP&sock=slot1_2_952_8520_34>
...
040 (154.000.000) 2025-01-12 14:24:01 Finished transferring input files
...
001 (154.000.000) 2025-01-12 14:24:02 Job executing on host: <172.31.17.139:9618?addrs=172.31.17.139-9618&alias=ip-172-31-17-139.ec2.internal&noUDP&sock=startd_918_4007>
	SlotName: slot1_2@ip-172-31-17-139.ec2.internal
	CondorScratchDir = "/var/lib/condor/execute/dir_1228"
	Cpus = 1
	Disk = 1049600
	GPUs = 0
	Memory = 512
...
006 (154.000.000) 2025-01-12 14:24:10 Image size of job updated: 136016
	133  -  MemoryUsage of job (MB)
	136016  -  ResidentSetSize of job (KB)
...
006 (154.000.000) 2025-01-12 14:24:27 Image size of job updated: 138120
	133  -  MemoryUsage of job (MB)
	136016  -  ResidentSetSize of job (KB)
...
040 (154.000.000) 2025-01-12 14:24:27 Started transferring output files
...
040 (154.000.000) 2025-01-12 14:24:27 Finished transferring output files
...
005 (154.000.000) 2025-01-12 14:24:27 Job terminated.
	(1) Normal termination (return value 1)
		Usr 0 00:00:25, Sys 0 00:00:00  -  Run Remote Usage
		Usr 0 00:00:00, Sys 0 00:00:00  -  Run Local Usage
		Usr 0 00:00:25, Sys 0 00:00:00  -  Total Remote Usage
		Usr 0 00:00:00, Sys 0 00:00:00  -  Total Local Usage
	52294  -  Run Bytes Sent By Job
	12315879  -  Run Bytes Received By Job
	52294  -  Total Bytes Sent By Job
	12315879  -  Total Bytes Received By Job
	Partitionable Resources :    Usage  Request Allocated 
	   Cpus                 :                 1         1 
	   Disk (KB)            :    12089  1048576   1049600 
	   GPUs                 :                           0 
	   Memory (MB)          :      133      512       512 
	   TimeExecute (s)      :       25                    
	   TimeSlotBusy (s)     :       26                    

	Job terminated of its own accord at 2025-01-12T14:24:27Z with exit-code 1.
...
000 (162.000.000) 2025-01-12 15:37:57 Job submitted from host: <172.31.42.11:9618?addrs=172.31.42.11-9618&alias=ip-172-31-42-11.ec2.internal&noUDP&sock=schedd_1048_6b57>
    DAG Node: TrainRF
...
040 (162.000.000) 2025-01-12 15:38:00 Started transferring input files
	Transferring to host: <172.31.17.139:9618?addrs=172.31.17.139-9618&alias=ip-172-31-17-139.ec2.internal&noUDP&sock=slot1_2_952_8520_41>
...
040 (162.000.000) 2025-01-12 15:38:00 Finished transferring input files
...
001 (162.000.000) 2025-01-12 15:38:01 Job executing on host: <172.31.17.139:9618?addrs=172.31.17.139-9618&alias=ip-172-31-17-139.ec2.internal&noUDP&sock=startd_918_4007>
	SlotName: slot1_2@ip-172-31-17-139.ec2.internal
	CondorScratchDir = "/var/lib/condor/execute/dir_1274"
	Cpus = 1
	Disk = 1049600
	GPUs = 0
	Memory = 512
...
006 (162.000.000) 2025-01-12 15:38:03 Image size of job updated: 100
	0  -  MemoryUsage of job (MB)
	0  -  ResidentSetSize of job (KB)
...
040 (162.000.000) 2025-01-12 15:38:03 Started transferring output files
...
040 (162.000.000) 2025-01-12 15:38:03 Finished transferring output files
...
005 (162.000.000) 2025-01-12 15:38:03 Job terminated.
	(1) Normal termination (return value 1)
		Usr 0 00:00:01, Sys 0 00:00:00  -  Run Remote Usage
		Usr 0 00:00:00, Sys 0 00:00:00  -  Run Local Usage
		Usr 0 00:00:01, Sys 0 00:00:00  -  Total Remote Usage
		Usr 0 00:00:00, Sys 0 00:00:00  -  Total Local Usage
	626  -  Run Bytes Sent By Job
	12315780  -  Run Bytes Received By Job
	626  -  Total Bytes Sent By Job
	12315780  -  Total Bytes Received By Job
	Partitionable Resources :    Usage  Request Allocated 
	   Cpus                 :        0        1         1 
	   Disk (KB)            :    12044  1048576   1049600 
	   GPUs                 :                           0 
	   Memory (MB)          :        0      512       512 
	   TimeExecute (s)      :        2                    
	   TimeSlotBusy (s)     :        3                    

	Job terminated of its own accord at 2025-01-12T15:38:03Z with exit-code 1.
...
000 (170.000.000) 2025-01-12 15:58:54 Job submitted from host: <172.31.42.11:9618?addrs=172.31.42.11-9618&alias=ip-172-31-42-11.ec2.internal&noUDP&sock=schedd_1048_6b57>
    DAG Node: TrainRF
...
040 (170.000.000) 2025-01-12 15:58:57 Started transferring input files
	Transferring to host: <172.31.17.139:9618?addrs=172.31.17.139-9618&alias=ip-172-31-17-139.ec2.internal&noUDP&sock=slot1_2_952_8520_48>
...
040 (170.000.000) 2025-01-12 15:58:57 Finished transferring input files
...
001 (170.000.000) 2025-01-12 15:58:58 Job executing on host: <172.31.17.139:9618?addrs=172.31.17.139-9618&alias=ip-172-31-17-139.ec2.internal&noUDP&sock=startd_918_4007>
	SlotName: slot1_2@ip-172-31-17-139.ec2.internal
	CondorScratchDir = "/var/lib/condor/execute/dir_1316"
	Cpus = 1
	Disk = 1049600
	GPUs = 0
	Memory = 512
...
006 (170.000.000) 2025-01-12 15:59:00 Image size of job updated: 416
	0  -  MemoryUsage of job (MB)
	0  -  ResidentSetSize of job (KB)
...
040 (170.000.000) 2025-01-12 15:59:00 Started transferring output files
...
040 (170.000.000) 2025-01-12 15:59:00 Finished transferring output files
...
005 (170.000.000) 2025-01-12 15:59:00 Job terminated.
	(1) Normal termination (return value 1)
		Usr 0 00:00:01, Sys 0 00:00:00  -  Run Remote Usage
		Usr 0 00:00:00, Sys 0 00:00:00  -  Run Local Usage
		Usr 0 00:00:01, Sys 0 00:00:00  -  Total Remote Usage
		Usr 0 00:00:00, Sys 0 00:00:00  -  Total Local Usage
	626  -  Run Bytes Sent By Job
	12315780  -  Run Bytes Received By Job
	626  -  Total Bytes Sent By Job
	12315780  -  Total Bytes Received By Job
	Partitionable Resources :    Usage  Request Allocated 
	   Cpus                 :        0        1         1 
	   Disk (KB)            :    12044  1048576   1049600 
	   GPUs                 :                           0 
	   Memory (MB)          :        0      512       512 
	   TimeExecute (s)      :        2                    
	   TimeSlotBusy (s)     :        3                    

	Job terminated of its own accord at 2025-01-12T15:59:00Z with exit-code 1.
...
000 (184.000.000) 2025-01-12 16:44:28 Job submitted from host: <172.31.42.11:9618?addrs=172.31.42.11-9618&alias=ip-172-31-42-11.ec2.internal&noUDP&sock=schedd_1048_6b57>
    DAG Node: TrainRF
...
040 (184.000.000) 2025-01-12 16:44:35 Started transferring input files
	Transferring to host: <172.31.17.139:9618?addrs=172.31.17.139-9618&alias=ip-172-31-17-139.ec2.internal&noUDP&sock=slot1_2_952_8520_60>
...
040 (184.000.000) 2025-01-12 16:44:35 Finished transferring input files
...
001 (184.000.000) 2025-01-12 16:44:36 Job executing on host: <172.31.17.139:9618?addrs=172.31.17.139-9618&alias=ip-172-31-17-139.ec2.internal&noUDP&sock=startd_918_4007>
	SlotName: slot1_2@ip-172-31-17-139.ec2.internal
	CondorScratchDir = "/var/lib/condor/execute/dir_1392"
	Cpus = 1
	Disk = 1049600
	GPUs = 0
	Memory = 512
...
006 (184.000.000) 2025-01-12 16:44:42 Image size of job updated: 133236
	0  -  MemoryUsage of job (MB)
	0  -  ResidentSetSize of job (KB)
...
040 (184.000.000) 2025-01-12 16:44:42 Started transferring output files
...
040 (184.000.000) 2025-01-12 16:44:42 Finished transferring output files
...
005 (184.000.000) 2025-01-12 16:44:42 Job terminated.
	(1) Normal termination (return value 0)
		Usr 0 00:00:06, Sys 0 00:00:00  -  Run Remote Usage
		Usr 0 00:00:00, Sys 0 00:00:00  -  Run Local Usage
		Usr 0 00:00:06, Sys 0 00:00:00  -  Total Remote Usage
		Usr 0 00:00:00, Sys 0 00:00:00  -  Total Local Usage
	51783  -  Run Bytes Sent By Job
	12315799  -  Run Bytes Received By Job
	51783  -  Total Bytes Sent By Job
	12315799  -  Total Bytes Received By Job
	Partitionable Resources :    Usage  Request Allocated 
	   Cpus                 :        0        1         1 
	   Disk (KB)            :    12094  1048576   1049600 
	   GPUs                 :                           0 
	   Memory (MB)          :        0      512       512 
	   TimeExecute (s)      :        6                    
	   TimeSlotBusy (s)     :        7                    

	Job terminated of its own accord at 2025-01-12T16:44:42Z with exit-code 0.
...
000 (193.000.000) 2025-01-13 00:48:39 Job submitted from host: <172.31.42.11:9618?addrs=172.31.42.11-9618&alias=ip-172-31-42-11.ec2.internal&noUDP&sock=schedd_1068_233c>
    DAG Node: TrainRF
...
040 (193.000.000) 2025-01-13 00:48:46 Started transferring input files
	Transferring to host: <172.31.17.139:9618?addrs=172.31.17.139-9618&alias=ip-172-31-17-139.ec2.internal&noUDP&sock=slot1_2_955_a240_8>
...
040 (193.000.000) 2025-01-13 00:48:46 Finished transferring input files
...
001 (193.000.000) 2025-01-13 00:48:47 Job executing on host: <172.31.17.139:9618?addrs=172.31.17.139-9618&alias=ip-172-31-17-139.ec2.internal&noUDP&sock=startd_921_4ed0>
	SlotName: slot1_2@ip-172-31-17-139.ec2.internal
	CondorScratchDir = "/var/lib/condor/execute/dir_1022"
	Cpus = 1
	Disk = 1049600
	GPUs = 0
	Memory = 512
...
006 (193.000.000) 2025-01-13 00:48:54 Image size of job updated: 133240
	0  -  MemoryUsage of job (MB)
	0  -  ResidentSetSize of job (KB)
...
040 (193.000.000) 2025-01-13 00:48:54 Started transferring output files
...
040 (193.000.000) 2025-01-13 00:48:54 Finished transferring output files
...
005 (193.000.000) 2025-01-13 00:48:54 Job terminated.
	(1) Normal termination (return value 0)
		Usr 0 00:00:06, Sys 0 00:00:00  -  Run Remote Usage
		Usr 0 00:00:00, Sys 0 00:00:00  -  Run Local Usage
		Usr 0 00:00:06, Sys 0 00:00:00  -  Total Remote Usage
		Usr 0 00:00:00, Sys 0 00:00:00  -  Total Local Usage
	51783  -  Run Bytes Sent By Job
	12315799  -  Run Bytes Received By Job
	51783  -  Total Bytes Sent By Job
	12315799  -  Total Bytes Received By Job
	Partitionable Resources :    Usage  Request Allocated 
	   Cpus                 :        0        1         1 
	   Disk (KB)            :    12094  1048576   1049600 
	   GPUs                 :                           0 
	   Memory (MB)          :        0      512       512 
	   TimeExecute (s)      :        7                    
	   TimeSlotBusy (s)     :        8                    

	Job terminated of its own accord at 2025-01-13T00:48:54Z with exit-code 0.
...
